Archive member included because of file (symbol)

c:/program files (x86)/atmel/atmel toolchain/arm gcc/native/4.8.1443/arm-gnu-toolchain/bin/../lib/gcc/arm-none-eabi/4.8.4/armv7-m\libgcc.a(_arm_addsubdf3.o)
                              src/task_PID.o (__aeabi_dsub)
c:/program files (x86)/atmel/atmel toolchain/arm gcc/native/4.8.1443/arm-gnu-toolchain/bin/../lib/gcc/arm-none-eabi/4.8.4/armv7-m\libgcc.a(_arm_muldivdf3.o)
                              src/task_PID.o (__aeabi_dmul)
c:/program files (x86)/atmel/atmel toolchain/arm gcc/native/4.8.1443/arm-gnu-toolchain/bin/../lib/gcc/arm-none-eabi/4.8.4/armv7-m\libgcc.a(_arm_fixdfsi.o)
                              src/task_PID.o (__aeabi_d2iz)
c:/program files (x86)/atmel/atmel toolchain/arm gcc/native/4.8.1443/arm-gnu-toolchain/bin/../lib/gcc/arm-none-eabi/4.8.4/../../../../arm-none-eabi/lib/armv7-m\libc.a(lib_a-exit.o)
                              c:/program files (x86)/atmel/atmel toolchain/arm gcc/native/4.8.1443/arm-gnu-toolchain/bin/../lib/gcc/arm-none-eabi/4.8.4/../../../../arm-none-eabi/lib/armv7-m/crt0.o (exit)
c:/program files (x86)/atmel/atmel toolchain/arm gcc/native/4.8.1443/arm-gnu-toolchain/bin/../lib/gcc/arm-none-eabi/4.8.4/../../../../arm-none-eabi/lib/armv7-m\libc.a(lib_a-impure.o)
                              c:/program files (x86)/atmel/atmel toolchain/arm gcc/native/4.8.1443/arm-gnu-toolchain/bin/../lib/gcc/arm-none-eabi/4.8.4/../../../../arm-none-eabi/lib/armv7-m\libc.a(lib_a-exit.o) (_global_impure_ptr)
c:/program files (x86)/atmel/atmel toolchain/arm gcc/native/4.8.1443/arm-gnu-toolchain/bin/../lib/gcc/arm-none-eabi/4.8.4/../../../../arm-none-eabi/lib/armv7-m\libc.a(lib_a-init.o)
                              c:/program files (x86)/atmel/atmel toolchain/arm gcc/native/4.8.1443/arm-gnu-toolchain/bin/../lib/gcc/arm-none-eabi/4.8.4/../../../../arm-none-eabi/lib/armv7-m/crt0.o (__libc_init_array)
c:/program files (x86)/atmel/atmel toolchain/arm gcc/native/4.8.1443/arm-gnu-toolchain/bin/../lib/gcc/arm-none-eabi/4.8.4/../../../../arm-none-eabi/lib/armv7-m\libc.a(lib_a-iprintf.o)
                              src/ASF/sam/drivers/adc/adc.o (iprintf)
c:/program files (x86)/atmel/atmel toolchain/arm gcc/native/4.8.1443/arm-gnu-toolchain/bin/../lib/gcc/arm-none-eabi/4.8.4/../../../../arm-none-eabi/lib/armv7-m\libc.a(lib_a-memcpy.o)
                              src/ASF/thirdparty/freertos/freertos-7.3.0/source/queue.o (memcpy)
c:/program files (x86)/atmel/atmel toolchain/arm gcc/native/4.8.1443/arm-gnu-toolchain/bin/../lib/gcc/arm-none-eabi/4.8.4/../../../../arm-none-eabi/lib/armv7-m\libc.a(lib_a-memset.o)
                              c:/program files (x86)/atmel/atmel toolchain/arm gcc/native/4.8.1443/arm-gnu-toolchain/bin/../lib/gcc/arm-none-eabi/4.8.4/../../../../arm-none-eabi/lib/armv7-m/crt0.o (memset)
c:/program files (x86)/atmel/atmel toolchain/arm gcc/native/4.8.1443/arm-gnu-toolchain/bin/../lib/gcc/arm-none-eabi/4.8.4/../../../../arm-none-eabi/lib/armv7-m\libc.a(lib_a-puts.o)
                              src/ASF/sam/drivers/adc/adc.o (puts)
c:/program files (x86)/atmel/atmel toolchain/arm gcc/native/4.8.1443/arm-gnu-toolchain/bin/../lib/gcc/arm-none-eabi/4.8.4/../../../../arm-none-eabi/lib/armv7-m\libc.a(lib_a-setbuf.o)
                              src/ASF/thirdparty/wireless/addons/sio2host/uart/sio2host.o (setbuf)
c:/program files (x86)/atmel/atmel toolchain/arm gcc/native/4.8.1443/arm-gnu-toolchain/bin/../lib/gcc/arm-none-eabi/4.8.4/../../../../arm-none-eabi/lib/armv7-m\libc.a(lib_a-setvbuf.o)
                              c:/program files (x86)/atmel/atmel toolchain/arm gcc/native/4.8.1443/arm-gnu-toolchain/bin/../lib/gcc/arm-none-eabi/4.8.4/../../../../arm-none-eabi/lib/armv7-m\libc.a(lib_a-setbuf.o) (setvbuf)
c:/program files (x86)/atmel/atmel toolchain/arm gcc/native/4.8.1443/arm-gnu-toolchain/bin/../lib/gcc/arm-none-eabi/4.8.4/../../../../arm-none-eabi/lib/armv7-m\libc.a(lib_a-sprintf.o)
                              src/ASF/thirdparty/freertos/freertos-7.3.0/source/tasks.o (sprintf)
c:/program files (x86)/atmel/atmel toolchain/arm gcc/native/4.8.1443/arm-gnu-toolchain/bin/../lib/gcc/arm-none-eabi/4.8.4/../../../../arm-none-eabi/lib/armv7-m\libc.a(lib_a-strcat.o)
                              src/ASF/thirdparty/freertos/freertos-7.3.0/source/tasks.o (strcat)
c:/program files (x86)/atmel/atmel toolchain/arm gcc/native/4.8.1443/arm-gnu-toolchain/bin/../lib/gcc/arm-none-eabi/4.8.4/../../../../arm-none-eabi/lib/armv7-m\libc.a(lib_a-strcpy.o)
                              c:/program files (x86)/atmel/atmel toolchain/arm gcc/native/4.8.1443/arm-gnu-toolchain/bin/../lib/gcc/arm-none-eabi/4.8.4/../../../../arm-none-eabi/lib/armv7-m\libc.a(lib_a-strcat.o) (strcpy)
c:/program files (x86)/atmel/atmel toolchain/arm gcc/native/4.8.1443/arm-gnu-toolchain/bin/../lib/gcc/arm-none-eabi/4.8.4/../../../../arm-none-eabi/lib/armv7-m\libc.a(lib_a-strlen.o)
[...]
Memory Configuration

Name             Origin             Length             Attributes
rom              0x00080000         0x00080000         xr
sram0            0x20000000         0x00010000         xrw
sram1            0x20080000         0x00008000         xrw
ram              0x20070000         0x00018000         xrw
*default*        0x00000000         0xffffffff

Linker script and memory map

LOAD c:/program files (x86)/atmel/atmel toolchain/arm gcc/native/4.8.1443/arm-gnu-toolchain/bin/../lib/gcc/arm-none-eabi/4.8.4/armv7-m/crti.o
LOAD c:/program files (x86)/atmel/atmel toolchain/arm gcc/native/4.8.1443/arm-gnu-toolchain/bin/../lib/gcc/arm-none-eabi/4.8.4/armv7-m/crtbegin.o
LOAD c:/program files (x86)/atmel/atmel toolchain/arm gcc/native/4.8.1443/arm-gnu-toolchain/bin/../lib/gcc/arm-none-eabi/4.8.4/../../../../arm-none-eabi/lib/armv7-m/crt0.o
LOAD src/ASF/common/services/serial/usart_serial.o
LOAD src/ASF/common/utils/stdio/read.o
LOAD src/ASF/common/utils/stdio/write.o
LOAD src/ASF/sam/drivers/adc/adc.o
LOAD src/ASF/sam/drivers/uart/uart.o
LOAD src/ASF/sam/drivers/usart/usart.o
LOAD src/ASF/thirdparty/freertos/freertos-7.3.0/source/FreeRTOS_CLI.o
LOAD src/ASF/thirdparty/wireless/addons/sio2host/uart/sio2host.o
LOAD src/communication.o
LOAD src/consoleFunctions.o
LOAD src/ADCFunctions.o
LOAD src/PinInit.o
LOAD src/PWMFunctions.o
LOAD src/task_komm.o
LOAD src/task_PID.o
LOAD src/ASF/thirdparty/freertos/freertos-7.3.0/source/list.o
LOAD src/ASF/thirdparty/freertos/freertos-7.3.0/source/portable/gcc/sam/port.o
LOAD src/ASF/thirdparty/freertos/freertos-7.3.0/source/portable/memmang/heap_4.o
LOAD src/ASF/thirdparty/freertos/freertos-7.3.0/source/queue.o
LOAD src/ASF/thirdparty/freertos/freertos-7.3.0/source/tasks.o
LOAD src/ASF/thirdparty/freertos/freertos-7.3.0/source/timers.o
LOAD src/ASF/sam/drivers/adc/adc_sam3u.o
LOAD src/ASF/sam/drivers/dacc/dacc.o
LOAD src/ASF/sam/drivers/pwm/pwm.o
LOAD src/ASF/sam/drivers/tc/tc.o
LOAD src/ASF/common/services/clock/sam3x/sysclk.o
LOAD src/ASF/common/utils/interrupt/interrupt_sam_nvic.o
LOAD src/ASF/sam/boards/arduino_due_x/init.o
LOAD src/ASF/sam/drivers/pio/pio.o
LOAD src/ASF/sam/drivers/pio/pio_handler.o
LOAD src/ASF/sam/drivers/pmc/pmc.o
LOAD src/ASF/sam/drivers/pmc/sleep.o
LOAD src/ASF/sam/utils/cmsis/sam3x/source/templates/exceptions.o
LOAD src/ASF/sam/utils/cmsis/sam3x/source/templates/gcc/startup_sam3x.o
LOAD src/ASF/sam/utils/cmsis/sam3x/source/templates/system_sam3x.o
LOAD src/ASF/sam/utils/syscalls/gcc/syscalls.o
LOAD src/main.o
START GROUP
LOAD ../src/ASF/thirdparty/CMSIS/Lib/GCC\libarm_cortexM3l_math.a
LOAD c:/program files (x86)/atmel/atmel toolchain/arm gcc/native/4.8.1443/arm-gnu-toolchain/bin/../lib/gcc/arm-none-eabi/4.8.4/../../../../arm-none-eabi/lib/armv7-m\libm.a
END GROUP
START GROUP
LOAD c:/program files (x86)/atmel/atmel toolchain/arm gcc/native/4.8.1443/arm-gnu-toolchain/bin/../lib/gcc/arm-none-eabi/4.8.4/armv7-m\libgcc.a
LOAD c:/program files (x86)/atmel/atmel toolchain/arm gcc/native/4.8.1443/arm-gnu-toolchain/bin/../lib/gcc/arm-none-eabi/4.8.4/../../../../arm-none-eabi/lib/armv7-m\libc.a
END GROUP
LOAD c:/program files (x86)/atmel/atmel toolchain/arm gcc/native/4.8.1443/arm-gnu-toolchain/bin/../lib/gcc/arm-none-eabi/4.8.4/armv7-m/crtend.o
LOAD c:/program files (x86)/atmel/atmel toolchain/arm gcc/native/4.8.1443/arm-gnu-toolchain/bin/../lib/gcc/arm-none-eabi/4.8.4/armv7-m/crtn.o
                0x00002000                __stack_size__ = DEFINED (__stack_size__)?__stack_size__:0x2000
                0x20087ffc                __ram_end__ = ((ORIGIN (ram) + 0x18000) - 0x4)

.text           0x00080000     0x64dc
                0x00080000                . = ALIGN (0x4)
                0x00080000                _sfixed = .
 *(.vectors .vectors.*)
 .vectors       0x00080000       0xf4 src/ASF/sam/utils/cmsis/sam3x/source/templates/gcc/startup_sam3x.o
                0x00080000                exception_table
 *(.text .text.* .gnu.linkonce.t.*)
 .text          0x000800f4       0x54 c:/program files (x86)/atmel/atmel toolchain/arm gcc/native/4.8.1443/arm-gnu-toolchain/bin/../lib/gcc/arm-none-eabi/4.8.4/armv7-m/crtbegin.o
 .text.usart_serial_read_packet
                0x00080148       0xc4 src/ASF/common/services/serial/usart_serial.o
                0x00080148                usart_serial_read_packet
 .text._read    0x0008020c       0x40 src/ASF/common/utils/stdio/read.o
                0x0008020c                _read
 .text._write   0x0008024c       0x54 src/ASF/common/utils/stdio/write.o
                0x0008024c                _write
 .text.adc_init
                0x000802a0       0x34 src/ASF/sam/drivers/adc/adc.o
                0x000802a0                adc_init
 .text.adc_set_resolution
                0x000802d4       0x10 src/ASF/sam/drivers/adc/adc.o
                0x000802d4                adc_set_resolution
 .text.adc_configure_trigger
                0x000802e4       0x10 src/ASF/sam/drivers/adc/adc.o
                0x000802e4                adc_configure_trigger
 .text.adc_configure_timing
                0x000802f4       0x20 src/ASF/sam/drivers/adc/adc.o
                0x000802f4                adc_configure_timing
 .text.adc_start
                0x00080314        0x8 src/ASF/sam/drivers/adc/adc.o
                0x00080314                adc_start
 .text.adc_enable_channel
                0x0008031c        0xc src/ASF/sam/drivers/adc/adc.o
                0x0008031c                adc_enable_channel
 .text.adc_get_channel_value
                0x00080328       0x10 src/ASF/sam/drivers/adc/adc.o
                0x00080328                adc_get_channel_value
 .text.uart_init
                0x00080338       0x38 src/ASF/sam/drivers/uart/uart.o
                0x00080338                uart_init
 .text.uart_write
                0x00080370       0x10 src/ASF/sam/drivers/uart/uart.o
                0x00080370                uart_write
 .text.uart_read
                0x00080380       0x14 src/ASF/sam/drivers/uart/uart.o
                0x00080380                uart_read
 .text.usart_write
                0x00080394       0x14 src/ASF/sam/drivers/usart/usart.o
                0x00080394                usart_write
 .text.usart_read
                0x000803a8       0x18 src/ASF/sam/drivers/usart/usart.o
                0x000803a8                usart_read
 .text.USART0_Handler
                0x000803c0       0x6c src/ASF/thirdparty/wireless/addons/sio2host/uart/sio2host.o
                0x000803c0                USART0_Handler
 .text.setupUART
                0x0008042c       0x68 src/communication.o
                0x0008042c                setupUART
 .text.readValue
                0x00080494       0x20 src/communication.o
                0x00080494                readValue
 .text.isReady  0x000804b4       0x10 src/communication.o
                0x000804b4                isReady
 .text.waitUntilReady
                0x000804c4       0x14 src/communication.o
                0x000804c4                waitUntilReady
 .text.usart_serial_getchar
                0x000804d8       0xa8 src/consoleFunctions.o
 .text.usart_serial_putchar
                0x00080580       0xa8 src/consoleFunctions.o
 .text.configureConsole
                0x00080628       0x80 src/consoleFunctions.o
                0x00080628                configureConsole
 .text.ADCInit  0x000806a8       0x64 src/ADCFunctions.o
                0x000806a8                ADCInit
 .text.ReadFanValue
                0x0008070c       0x84 src/ADCFunctions.o
                0x0008070c                ReadFanValue
 .text.Init_pins
                0x00080790       0x28 src/PinInit.o
                0x00080790                Init_pins
 .text.InitPIN40
                0x000807b8       0x4c src/PWMFunctions.o
                0x000807b8                InitPIN40
 .text.PWMInit  0x00080804       0x4c src/PWMFunctions.o
                0x00080804                PWMInit
 .text.CalculateFanValue
                0x00080850       0x20 src/PWMFunctions.o
                0x00080850                CalculateFanValue
 .text.task_komm
                0x00080870      0x1b0 src/task_komm.o
                0x00080870                task_komm
 .text.updateinfoformatlab
                0x00080a20       0x2c src/task_komm.o
                0x00080a20                updateinfoformatlab
 .text.task_PID
                0x00080a4c      0x1ac src/task_PID.o
                0x00080a4c                task_PID
 .text.setPIDvalues
                0x00080bf8       0x40 src/task_PID.o
                0x00080bf8                setPIDvalues
 .text.vListInitialise
                0x00080c38       0x18 src/ASF/thirdparty/freertos/freertos-7.3.0/source/list.o
                0x00080c38                vListInitialise
 .text.vListInitialiseItem
                0x00080c50        0x8 src/ASF/thirdparty/freertos/freertos-7.3.0/source/list.o
                0x00080c50                vListInitialiseItem
 .text.vListInsertEnd
                0x00080c58       0x1c src/ASF/thirdparty/freertos/freertos-7.3.0/source/list.o
                0x00080c58                vListInsertEnd
 .text.vListInsert
                0x00080c74       0x3c src/ASF/thirdparty/freertos/freertos-7.3.0/source/list.o
                0x00080c74                vListInsert
 .text.uxListRemove
                0x00080cb0       0x28 src/ASF/thirdparty/freertos/freertos-7.3.0/source/list.o
                0x00080cb0                uxListRemove
 .text.prvPortStartFirstTask
                0x00080cd8       0x14 src/ASF/thirdparty/freertos/freertos-7.3.0/source/portable/gcc/sam/port.o
 .text.pxPortInitialiseStack
                0x00080cec       0x1c src/ASF/thirdparty/freertos/freertos-7.3.0/source/portable/gcc/sam/port.o
                0x00080cec                pxPortInitialiseStack
 .text.SVC_Handler
                0x00080d08       0x20 src/ASF/thirdparty/freertos/freertos-7.3.0/source/portable/gcc/sam/port.o
                0x00080d08                SVC_Handler
 .text.vPortYieldFromISR
                0x00080d28       0x10 src/ASF/thirdparty/freertos/freertos-7.3.0/source/portable/gcc/sam/port.o
                0x00080d28                vPortYieldFromISR
 .text.ulPortSetInterruptMask
                0x00080d38       0x10 src/ASF/thirdparty/freertos/freertos-7.3.0/source/portable/gcc/sam/port.o
                0x00080d38                ulPortSetInterruptMask
 .text.vPortEnterCritical
                0x00080d48       0x18 src/ASF/thirdparty/freertos/freertos-7.3.0/source/portable/gcc/sam/port.o
                0x00080d48                vPortEnterCritical
 .text.vPortClearInterruptMask
                0x00080d60        0x8 src/ASF/thirdparty/freertos/freertos-7.3.0/source/portable/gcc/sam/port.o
                0x00080d60                vPortClearInterruptMask
 .text.vPortExitCritical
                0x00080d68       0x1c src/ASF/thirdparty/freertos/freertos-7.3.0/source/portable/gcc/sam/port.o
                0x00080d68                vPortExitCritical
 .text.PendSV_Handler
                0x00080d84       0x3c src/ASF/thirdparty/freertos/freertos-7.3.0/source/portable/gcc/sam/port.o
                0x00080d84                PendSV_Handler
 .text.SysTick_Handler
                0x00080dc0       0x2c src/ASF/thirdparty/freertos/freertos-7.3.0/source/portable/gcc/sam/port.o
                0x00080dc0                SysTick_Handler
 .text.vPortSetupTimerInterrupt
                0x00080dec       0x18 src/ASF/thirdparty/freertos/freertos-7.3.0/source/portable/gcc/sam/port.o
                0x00080dec                vPortSetupTimerInterrupt
 .text.xPortStartScheduler
                0x00080e04       0x38 src/ASF/thirdparty/freertos/freertos-7.3.0/source/portable/gcc/sam/port.o
                0x00080e04                xPortStartScheduler
 .text.prvInsertBlockIntoFreeList
                0x00080e3c       0x58 src/ASF/thirdparty/freertos/freertos-7.3.0/source/portable/memmang/heap_4.o
 .text.pvPortMalloc
                0x00080e94       0xc4 src/ASF/thirdparty/freertos/freertos-7.3.0/source/portable/memmang/heap_4.o
                0x00080e94                pvPortMalloc
 .text.vPortFree
                0x00080f58       0x34 src/ASF/thirdparty/freertos/freertos-7.3.0/source/portable/memmang/heap_4.o
                0x00080f58                vPortFree
 .text.prvCopyDataToQueue
                0x00080f8c       0x64 src/ASF/thirdparty/freertos/freertos-7.3.0/source/queue.o
 .text.prvCopyDataFromQueue
                0x00080ff0       0x28 src/ASF/thirdparty/freertos/freertos-7.3.0/source/queue.o
 .text.prvUnlockQueue
                0x00081018       0x8c src/ASF/thirdparty/freertos/freertos-7.3.0/source/queue.o
 .text.xQueueGenericReset
                0x000810a4       0x7c src/ASF/thirdparty/freertos/freertos-7.3.0/source/queue.o
                0x000810a4                xQueueGenericReset
 .text.xQueueGenericCreate
                0x00081120       0x58 src/ASF/thirdparty/freertos/freertos-7.3.0/source/queue.o
                0x00081120                xQueueGenericCreate
 .text.xQueueGenericSend
                0x00081178      0x11c src/ASF/thirdparty/freertos/freertos-7.3.0/source/queue.o
                0x00081178                xQueueGenericSend
 .text.xQueueGenericSendFromISR
                0x00081294       0x90 src/ASF/thirdparty/freertos/freertos-7.3.0/source/queue.o
                0x00081294                xQueueGenericSendFromISR
 .text.xQueueGenericReceive
                0x00081324      0x15c src/ASF/thirdparty/freertos/freertos-7.3.0/source/queue.o
                0x00081324                xQueueGenericReceive
 .text.vQueueWaitForMessageRestricted
                0x00081480       0x4c src/ASF/thirdparty/freertos/freertos-7.3.0/source/queue.o
                0x00081480                vQueueWaitForMessageRestricted
 .text.prvAddCurrentTaskToDelayedList
                0x000814cc       0x58 src/ASF/thirdparty/freertos/freertos-7.3.0/source/tasks.o
 .text.xTaskGenericCreate
                0x00081524      0x208 src/ASF/thirdparty/freertos/freertos-7.3.0/source/tasks.o
                0x00081524                xTaskGenericCreate
 .text.vTaskStartScheduler
                0x0008172c       0x68 src/ASF/thirdparty/freertos/freertos-7.3.0/source/tasks.o
                0x0008172c                vTaskStartScheduler
 .text.vTaskSuspendAll
                0x00081794       0x10 src/ASF/thirdparty/freertos/freertos-7.3.0/source/tasks.o
                0x00081794                vTaskSuspendAll
 .text.xTaskGetTickCount
                0x000817a4       0x20 src/ASF/thirdparty/freertos/freertos-7.3.0/source/tasks.o
                0x000817a4                xTaskGetTickCount
 .text.vTaskIncrementTick
                0x000817c4      0x120 src/ASF/thirdparty/freertos/freertos-7.3.0/source/tasks.o
                0x000817c4                vTaskIncrementTick
 .text.xTaskResumeAll
                0x000818e4      0x108 src/ASF/thirdparty/freertos/freertos-7.3.0/source/tasks.o
                0x000818e4                xTaskResumeAll
 .text.vTaskDelayUntil
                0x000819ec       0x90 src/ASF/thirdparty/freertos/freertos-7.3.0/source/tasks.o
                0x000819ec                vTaskDelayUntil
 .text.prvIdleTask
                0x00081a7c       0x84 src/ASF/thirdparty/freertos/freertos-7.3.0/source/tasks.o
 .text.vTaskSwitchContext
                0x00081b00       0x90 src/ASF/thirdparty/freertos/freertos-7.3.0/source/tasks.o
                0x00081b00                vTaskSwitchContext
 .text.vTaskPlaceOnEventList
                0x00081b90       0x60 src/ASF/thirdparty/freertos/freertos-7.3.0/source/tasks.o
                0x00081b90                vTaskPlaceOnEventList
 .text.vTaskPlaceOnEventListRestricted
                0x00081bf0       0x44 src/ASF/thirdparty/freertos/freertos-7.3.0/source/tasks.o
                0x00081bf0                vTaskPlaceOnEventListRestricted
 .text.xTaskRemoveFromEventList
                0x00081c34       0x84 src/ASF/thirdparty/freertos/freertos-7.3.0/source/tasks.o
                0x00081c34                xTaskRemoveFromEventList
 .text.vTaskSetTimeOutState
                0x00081cb8       0x28 src/ASF/thirdparty/freertos/freertos-7.3.0/source/tasks.o
                0x00081cb8                vTaskSetTimeOutState
 .text.xTaskCheckForTimeOut
                0x00081ce0       0x84 src/ASF/thirdparty/freertos/freertos-7.3.0/source/tasks.o
                0x00081ce0                xTaskCheckForTimeOut
 .text.vTaskMissedYield
                0x00081d64        0xc src/ASF/thirdparty/freertos/freertos-7.3.0/source/tasks.o
                0x00081d64                vTaskMissedYield
 .text.xTaskGetCurrentTaskHandle
                0x00081d70        0xc src/ASF/thirdparty/freertos/freertos-7.3.0/source/tasks.o
                0x00081d70                xTaskGetCurrentTaskHandle
 .text.xTaskGetSchedulerState
                0x00081d7c       0x20 src/ASF/thirdparty/freertos/freertos-7.3.0/source/tasks.o
                0x00081d7c                xTaskGetSchedulerState
 .text.vTaskPriorityInherit
                0x00081d9c       0x7c src/ASF/thirdparty/freertos/freertos-7.3.0/source/tasks.o
                0x00081d9c                vTaskPriorityInherit
 .text.vTaskPriorityDisinherit
                0x00081e18       0x50 src/ASF/thirdparty/freertos/freertos-7.3.0/source/tasks.o
                0x00081e18                vTaskPriorityDisinherit
 .text.prvInsertTimerInActiveList
                0x00081e68       0x4c src/ASF/thirdparty/freertos/freertos-7.3.0/source/timers.o
 .text.prvCheckForValidListAndQueue
                0x00081eb4       0x5c src/ASF/thirdparty/freertos/freertos-7.3.0/source/timers.o
 .text.xTimerCreateTimerTask
                0x00081f10       0x4c src/ASF/thirdparty/freertos/freertos-7.3.0/source/timers.o
                0x00081f10                xTimerCreateTimerTask
 .text.xTimerGenericCommand
                0x00081f5c       0x54 src/ASF/thirdparty/freertos/freertos-7.3.0/source/timers.o
                0x00081f5c                xTimerGenericCommand
 .text.prvSampleTimeNow
                0x00081fb0       0xb4 src/ASF/thirdparty/freertos/freertos-7.3.0/source/timers.o
 .text.prvTimerTask
                0x00082064      0x170 src/ASF/thirdparty/freertos/freertos-7.3.0/source/timers.o
 .text.pwm_clocks_generate
                0x000821d4       0x58 src/ASF/sam/drivers/pwm/pwm.o
 .text.pwm_init
                0x0008222c       0x40 src/ASF/sam/drivers/pwm/pwm.o
                0x0008222c                pwm_init
 .text.pwm_channel_init
                0x0008226c      0x104 src/ASF/sam/drivers/pwm/pwm.o
                0x0008226c                pwm_channel_init
 .text.pwm_channel_update_duty
                0x00082370       0x24 src/ASF/sam/drivers/pwm/pwm.o
                0x00082370                pwm_channel_update_duty
 .text.pwm_channel_enable
                0x00082394        0xc src/ASF/sam/drivers/pwm/pwm.o
                0x00082394                pwm_channel_enable
 .text.pwm_channel_disable
                0x000823a0        0xc src/ASF/sam/drivers/pwm/pwm.o
                0x000823a0                pwm_channel_disable
 .text.sysclk_init
                0x000823ac       0x64 src/ASF/common/services/clock/sam3x/sysclk.o
                0x000823ac                sysclk_init
 .text.board_init
                0x00082410       0x70 src/ASF/sam/boards/arduino_due_x/init.o
                0x00082410                board_init
 .text.pio_set_peripheral
                0x00082480       0x40 src/ASF/sam/drivers/pio/pio.o
                0x00082480                pio_set_peripheral
 .text.pio_set_input
                0x000824c0       0x34 src/ASF/sam/drivers/pio/pio.o
                0x000824c0                pio_set_input
 .text.pio_set_output
                0x000824f4       0x28 src/ASF/sam/drivers/pio/pio.o
                0x000824f4                pio_set_output
 .text.pio_configure
                0x0008251c       0x88 src/ASF/sam/drivers/pio/pio.o
                0x0008251c                pio_configure
 .text.pio_get_interrupt_status
                0x000825a4        0x4 src/ASF/sam/drivers/pio/pio.o
                0x000825a4                pio_get_interrupt_status
 .text.pio_get_interrupt_mask
                0x000825a8        0x4 src/ASF/sam/drivers/pio/pio.o
                0x000825a8                pio_get_interrupt_mask
 .text.pio_configure_pin
                0x000825ac       0xd4 src/ASF/sam/drivers/pio/pio.o
                0x000825ac                pio_configure_pin
 .text.pio_configure_pin_group
                0x00082680       0xa0 src/ASF/sam/drivers/pio/pio.o
                0x00082680                pio_configure_pin_group
 .text.pio_handler_process
                0x00082720       0x58 src/ASF/sam/drivers/pio/pio_handler.o
                0x00082720                pio_handler_process
 .text.PIOA_Handler
                0x00082778       0x14 src/ASF/sam/drivers/pio/pio_handler.o
                0x00082778                PIOA_Handler
 .text.PIOB_Handler
                0x0008278c       0x14 src/ASF/sam/drivers/pio/pio_handler.o
                0x0008278c                PIOB_Handler
 .text.PIOC_Handler
                0x000827a0       0x14 src/ASF/sam/drivers/pio/pio_handler.o
                0x000827a0                PIOC_Handler
 .text.PIOD_Handler
                0x000827b4       0x14 src/ASF/sam/drivers/pio/pio_handler.o
                0x000827b4                PIOD_Handler
 .text.pmc_switch_mck_to_pllack
                0x000827c8       0x64 src/ASF/sam/drivers/pmc/pmc.o
                0x000827c8                pmc_switch_mck_to_pllack
 .text.pmc_switch_mainck_to_xtal
                0x0008282c       0x54 src/ASF/sam/drivers/pmc/pmc.o
                0x0008282c                pmc_switch_mainck_to_xtal
 .text.pmc_osc_is_ready_mainck
                0x00082880       0x10 src/ASF/sam/drivers/pmc/pmc.o
                0x00082880                pmc_osc_is_ready_mainck
 .text.pmc_disable_pllack
                0x00082890       0x10 src/ASF/sam/drivers/pmc/pmc.o
                0x00082890                pmc_disable_pllack
 .text.pmc_is_locked_pllack
                0x000828a0       0x10 src/ASF/sam/drivers/pmc/pmc.o
                0x000828a0                pmc_is_locked_pllack
 .text.pmc_enable_periph_clk
                0x000828b0       0x58 src/ASF/sam/drivers/pmc/pmc.o
                0x000828b0                pmc_enable_periph_clk
 .text.Dummy_Handler
                0x00082908        0x4 src/ASF/sam/utils/cmsis/sam3x/source/templates/exceptions.o
                0x00082908                DACC_Handler
                0x00082908                DebugMon_Handler
                0x00082908                DMAC_Handler
                0x00082908                TRNG_Handler
                0x00082908                HardFault_Handler
                0x00082908                TC2_Handler
                0x00082908                USART3_Handler
                0x00082908                TWI1_Handler
                0x00082908                NMI_Handler
                0x00082908                TC7_Handler
                0x00082908                ADC_Handler
                0x00082908                SMC_Handler
                0x00082908                RTT_Handler
                0x00082908                EFC1_Handler
                0x00082908                RTC_Handler
                0x00082908                UsageFault_Handler
                0x00082908                TC6_Handler
                0x00082908                WDT_Handler
                0x00082908                CAN0_Handler
                0x00082908                TC4_Handler
                0x00082908                TC1_Handler
                0x00082908                HSMCI_Handler
                0x00082908                TC3_Handler
                0x00082908                Dummy_Handler
                0x00082908                TWI0_Handler
                0x00082908                USART1_Handler
                0x00082908                SSC_Handler
                0x00082908                EFC0_Handler
                0x00082908                PMC_Handler
                0x00082908                PWM_Handler
                0x00082908                CAN1_Handler
                0x00082908                MemManage_Handler
                0x00082908                SUPC_Handler
                0x00082908                TC8_Handler
                0x00082908                USART2_Handler
                0x00082908                EMAC_Handler
                0x00082908                UART_Handler
                0x00082908                BusFault_Handler
                0x00082908                RSTC_Handler
                0x00082908                TC0_Handler
                0x00082908                TC5_Handler
                0x00082908                UOTGHS_Handler
                0x00082908                SPI0_Handler
 .text.Reset_Handler
                0x0008290c       0xb0 src/ASF/sam/utils/cmsis/sam3x/source/templates/gcc/startup_sam3x.o
                0x0008290c                Reset_Handler
 .text.SystemCoreClockUpdate
                0x000829bc      0x11c src/ASF/sam/utils/cmsis/sam3x/source/templates/system_sam3x.o
                0x000829bc                SystemCoreClockUpdate
 .text._sbrk    0x00082ad8       0x34 src/ASF/sam/utils/syscalls/gcc/syscalls.o
                0x00082ad8                _sbrk
 .text._close   0x00082b0c        0x8 src/ASF/sam/utils/syscalls/gcc/syscalls.o
                0x00082b0c                _close
 .text._fstat   0x00082b14        0xc src/ASF/sam/utils/syscalls/gcc/syscalls.o
                0x00082b14                _fstat
 .text._isatty  0x00082b20        0x4 src/ASF/sam/utils/syscalls/gcc/syscalls.o
                0x00082b20                _isatty
 .text._lseek   0x00082b24        0x4 src/ASF/sam/utils/syscalls/gcc/syscalls.o
                0x00082b24                _lseek
 .text.main     0x00082b28       0xb0 src/main.o
                0x00082b28                main
 .text          0x00082bd8      0x370 c:/program files (x86)/atmel/atmel toolchain/arm gcc/native/4.8.1443/arm-gnu-toolchain/bin/../lib/gcc/arm-none-eabi/4.8.4/armv7-m\libgcc.a(_arm_addsubdf3.o)
                0x00082bd8                __aeabi_drsub
                0x00082be0                __aeabi_dsub
                0x00082be0                __subdf3
                0x00082be4                __aeabi_dadd
                0x00082be4                __adddf3
                0x00082e5c                __floatunsidf
                0x00082e5c                __aeabi_ui2d
                0x00082e7c                __floatsidf
                0x00082e7c                __aeabi_i2d
                0x00082ea0                __aeabi_f2d
                0x00082ea0                __extendsfdf2
                0x00082edc                __floatundidf
                0x00082edc                __aeabi_ul2d
                0x00082eec                __floatdidf
                0x00082eec                __aeabi_l2d
 .text          0x00082f48      0x424 c:/program files (x86)/atmel/atmel toolchain/arm gcc/native/4.8.1443/arm-gnu-toolchain/bin/../lib/gcc/arm-none-eabi/4.8.4/armv7-m\libgcc.a(_arm_muldivdf3.o)
                0x00082f48                __aeabi_dmul
                0x00082f48                __muldf3
                0x0008319c                __divdf3
                0x0008319c                __aeabi_ddiv
 .text          0x0008336c       0x50 c:/program files (x86)/atmel/atmel toolchain/arm gcc/native/4.8.1443/arm-gnu-toolchain/bin/../lib/gcc/arm-none-eabi/4.8.4/armv7-m\libgcc.a(_arm_fixdfsi.o)
                0x0008336c                __aeabi_d2iz
                0x0008336c                __fixdfsi
 .text.__libc_init_array
                0x000833bc       0x50 c:/program files (x86)/atmel/atmel toolchain/arm gcc/native/4.8.1443/arm-gnu-toolchain/bin/../lib/gcc/arm-none-eabi/4.8.4/../../../../arm-none-eabi/lib/armv7-m\libc.a(lib_a-init.o)
                0x000833bc                __libc_init_array
 .text.iprintf  0x0008340c       0x28 c:/program files (x86)/atmel/atmel toolchain/arm gcc/native/4.8.1443/arm-gnu-toolchain/bin/../lib/gcc/arm-none-eabi/4.8.4/../../../../arm-none-eabi/lib/armv7-m\libc.a(lib_a-iprintf.o)
                0x0008340c                iprintf
 .text          0x00083434       0xec c:/program files (x86)/atmel/atmel toolchain/arm gcc/native/4.8.1443/arm-gnu-toolchain/bin/../lib/gcc/arm-none-eabi/4.8.4/../../../../arm-none-eabi/lib/armv7-m\libc.a(lib_a-memcpy.o)
                0x00083434                memcpy
 .text.memset   0x00083520       0x94 c:/program files (x86)/atmel/atmel toolchain/arm gcc/native/4.8.1443/arm-gnu-toolchain/bin/../lib/gcc/arm-none-eabi/4.8.4/../../../../arm-none-eabi/lib/armv7-m\libc.a(lib_a-memset.o)
                0x00083520                memset
 .text.setbuf   0x000835b4       0x10 c:/program files (x86)/atmel/atmel toolchain/arm gcc/native/4.8.1443/arm-gnu-toolchain/bin/../lib/gcc/arm-none-eabi/4.8.4/../../../../arm-none-eabi/lib/armv7-m\libc.a(lib_a-setbuf.o)
                0x000835b4                setbuf
 .text.setvbuf  0x000835c4      0x100 c:/program files (x86)/atmel/atmel toolchain/arm gcc/native/4.8.1443/arm-gnu-toolchain/bin/../lib/gcc/arm-none-eabi/4.8.4/../../../../arm-none-eabi/lib/armv7-m\libc.a(lib_a-setvbuf.o)
                0x000835c4                setvbuf
 .text.strlen   0x000836c4       0x60 c:/program files (x86)/atmel/atmel toolchain/arm gcc/native/4.8.1443/arm-gnu-toolchain/bin/../lib/gcc/arm-none-eabi/4.8.4/../../../../arm-none-eabi/lib/armv7-m\libc.a(lib_a-strlen.o)
                0x000836c4                strlen
 .text.strncpy  0x00083724       0x64 c:/program files (x86)/atmel/atmel toolchain/arm gcc/native/4.8.1443/arm-gnu-toolchain/bin/../lib/gcc/arm-none-eabi/4.8.4/../../../../arm-none-eabi/lib/armv7-m\libc.a(lib_a-strncpy.o)
                0x00083724                strncpy
 .text.__sprint_r.part.0
                0x00083788       0x78 c:/program files (x86)/atmel/atmel toolchain/arm gcc/native/4.8.1443/arm-gnu-toolchain/bin/../lib/gcc/arm-none-eabi/4.8.4/../../../../arm-none-eabi/lib/armv7-m\libc.a(lib_a-vfiprintf.o)
 .text._vfiprintf_r
                0x00083800      0xc54 c:/program files (x86)/atmel/atmel toolchain/arm gcc/native/4.8.1443/arm-gnu-toolchain/bin/../lib/gcc/arm-none-eabi/4.8.4/../../../../arm-none-eabi/lib/armv7-m\libc.a(lib_a-vfiprintf.o)
                0x00083800                _vfiprintf_r
 .text.__sbprintf
                0x00084454       0x7c c:/program files (x86)/atmel/atmel toolchain/arm gcc/native/4.8.1443/arm-gnu-toolchain/bin/../lib/gcc/arm-none-eabi/4.8.4/../../../../arm-none-eabi/lib/armv7-m\libc.a(lib_a-vfiprintf.o)
 .text.__swsetup_r
                0x000844d0       0xc4 c:/program files (x86)/atmel/atmel toolchain/arm gcc/native/4.8.1443/arm-gnu-toolchain/bin/../lib/gcc/arm-none-eabi/4.8.4/../../../../arm-none-eabi/lib/armv7-m\libc.a(lib_a-wsetup.o)
                0x000844d0                __swsetup_r
 .text.startup.register_fini
                0x00084594       0x14 c:/program files (x86)/atmel/atmel toolchain/arm gcc/native/4.8.1443/arm-gnu-toolchain/bin/../lib/gcc/arm-none-eabi/4.8.4/../../../../arm-none-eabi/lib/armv7-m\libc.a(lib_a-__call_atexit.o)
 .text.atexit   0x000845a8        0xc c:/program files (x86)/atmel/atmel toolchain/arm gcc/native/4.8.1443/arm-gnu-toolchain/bin/../lib/gcc/arm-none-eabi/4.8.4/../../../../arm-none-eabi/lib/armv7-m\libc.a(lib_a-atexit.o)
                0x000845a8                atexit
 .text.__sflush_r
                0x000845b4      0x148 c:/program files (x86)/atmel/atmel toolchain/arm gcc/native/4.8.1443/arm-gnu-toolchain/bin/../lib/gcc/arm-none-eabi/4.8.4/../../../../arm-none-eabi/lib/armv7-m\libc.a(lib_a-fflush.o)
                0x000845b4                __sflush_r
 .text._fflush_r
                0x000846fc       0x2c c:/program files (x86)/atmel/atmel toolchain/arm gcc/native/4.8.1443/arm-gnu-toolchain/bin/../lib/gcc/arm-none-eabi/4.8.4/../../../../arm-none-eabi/lib/armv7-m\libc.a(lib_a-fflush.o)
                0x000846fc                _fflush_r
 .text._cleanup_r
                0x00084728        0xc c:/program files (x86)/atmel/atmel toolchain/arm gcc/native/4.8.1443/arm-gnu-toolchain/bin/../lib/gcc/arm-none-eabi/4.8.4/../../../../arm-none-eabi/lib/armv7-m\libc.a(lib_a-findfp.o)
                0x00084728                _cleanup_r
 .text.__sinit  0x00084734       0xf4 c:/program files (x86)/atmel/atmel toolchain/arm gcc/native/4.8.1443/arm-gnu-toolchain/bin/../lib/gcc/arm-none-eabi/4.8.4/../../../../arm-none-eabi/lib/armv7-m\libc.a(lib_a-findfp.o)
                0x00084734                __sinit
 .text.__sfp_lock_acquire
                0x00084828        0x4 c:/program files (x86)/atmel/atmel toolchain/arm gcc/native/4.8.1443/arm-gnu-toolchain/bin/../lib/gcc/arm-none-eabi/4.8.4/../../../../arm-none-eabi/lib/armv7-m\libc.a(lib_a-findfp.o)
                0x00084828                __sfp_lock_acquire
 .text.__sfp_lock_release
                0x0008482c        0x4 c:/program files (x86)/atmel/atmel toolchain/arm gcc/native/4.8.1443/arm-gnu-toolchain/bin/../lib/gcc/arm-none-eabi/4.8.4/../../../../arm-none-eabi/lib/armv7-m\libc.a(lib_a-findfp.o)
                0x0008482c                __sfp_lock_release
 .text.__libc_fini_array
                0x00084830       0x30 c:/program files (x86)/atmel/atmel toolchain/arm gcc/native/4.8.1443/arm-gnu-toolchain/bin/../lib/gcc/arm-none-eabi/4.8.4/../../../../arm-none-eabi/lib/armv7-m\libc.a(lib_a-fini.o)
                0x00084830                __libc_fini_array
 .text._fputwc_r
                0x00084860       0xc0 c:/program files (x86)/atmel/atmel toolchain/arm gcc/native/4.8.1443/arm-gnu-toolchain/bin/../lib/gcc/arm-none-eabi/4.8.4/../../../../arm-none-eabi/lib/armv7-m\libc.a(lib_a-fputwc.o)
                0x00084860                _fputwc_r
 .text._malloc_trim_r
                0x00084920       0x9c c:/program files (x86)/atmel/atmel toolchain/arm gcc/native/4.8.1443/arm-gnu-toolchain/bin/../lib/gcc/arm-none-eabi/4.8.4/../../../../arm-none-eabi/lib/armv7-m\libc.a(lib_a-freer.o)
                0x00084920                _malloc_trim_r
 .text._free_r  0x000849bc      0x198 c:/program files (x86)/atmel/atmel toolchain/arm gcc/native/4.8.1443/arm-gnu-toolchain/bin/../lib/gcc/arm-none-eabi/4.8.4/../../../../arm-none-eabi/lib/armv7-m\libc.a(lib_a-freer.o)
                0x000849bc                _free_r
 .text.__sfvwrite_r
                0x00084b54      0x318 c:/program files (x86)/atmel/atmel toolchain/arm gcc/native/4.8.1443/arm-gnu-toolchain/bin/../lib/gcc/arm-none-eabi/4.8.4/../../../../arm-none-eabi/lib/armv7-m\libc.a(lib_a-fvwrite.o)
                0x00084b54                __sfvwrite_r
 .text._fwalk   0x00084e6c       0x48 c:/program files (x86)/atmel/atmel toolchain/arm gcc/native/4.8.1443/arm-gnu-toolchain/bin/../lib/gcc/arm-none-eabi/4.8.4/../../../../arm-none-eabi/lib/armv7-m\libc.a(lib_a-fwalk.o)
                0x00084e6c                _fwalk
 .text.__locale_charset
                0x00084eb4        0x8 c:/program files (x86)/atmel/atmel toolchain/arm gcc/native/4.8.1443/arm-gnu-toolchain/bin/../lib/gcc/arm-none-eabi/4.8.4/../../../../arm-none-eabi/lib/armv7-m\libc.a(lib_a-locale.o)
                0x00084eb4                __locale_charset
 .text.__locale_mb_cur_max
                0x00084ebc        0xc c:/program files (x86)/atmel/atmel toolchain/arm gcc/native/4.8.1443/arm-gnu-toolchain/bin/../lib/gcc/arm-none-eabi/4.8.4/../../../../arm-none-eabi/lib/armv7-m\libc.a(lib_a-locale.o)
                0x00084ebc                __locale_mb_cur_max
 .text.__smakebuf_r
                0x00084ec8       0xe0 c:/program files (x86)/atmel/atmel toolchain/arm gcc/native/4.8.1443/arm-gnu-toolchain/bin/../lib/gcc/arm-none-eabi/4.8.4/../../../../arm-none-eabi/lib/armv7-m\libc.a(lib_a-makebuf.o)
                0x00084ec8                __smakebuf_r
 .text.malloc   0x00084fa8       0x10 c:/program files (x86)/atmel/atmel toolchain/arm gcc/native/4.8.1443/arm-gnu-toolchain/bin/../lib/gcc/arm-none-eabi/4.8.4/../../../../arm-none-eabi/lib/armv7-m\libc.a(lib_a-malloc.o)
                0x00084fa8                malloc
 .text._malloc_r
                0x00084fb8      0x538 c:/program files (x86)/atmel/atmel toolchain/arm gcc/native/4.8.1443/arm-gnu-toolchain/bin/../lib/gcc/arm-none-eabi/4.8.4/../../../../arm-none-eabi/lib/armv7-m\libc.a(lib_a-mallocr.o)
                0x00084fb8                _malloc_r
 .text.memchr   0x000854f0       0x94 c:/program files (x86)/atmel/atmel toolchain/arm gcc/native/4.8.1443/arm-gnu-toolchain/bin/../lib/gcc/arm-none-eabi/4.8.4/../../../../arm-none-eabi/lib/armv7-m\libc.a(lib_a-memchr-stub.o)
                0x000854f0                memchr
 .text.memmove  0x00085584       0xcc c:/program files (x86)/atmel/atmel toolchain/arm gcc/native/4.8.1443/arm-gnu-toolchain/bin/../lib/gcc/arm-none-eabi/4.8.4/../../../../arm-none-eabi/lib/armv7-m\libc.a(lib_a-memmove.o)
                0x00085584                memmove
 .text.__malloc_lock
                0x00085650        0x4 c:/program files (x86)/atmel/atmel toolchain/arm gcc/native/4.8.1443/arm-gnu-toolchain/bin/../lib/gcc/arm-none-eabi/4.8.4/../../../../arm-none-eabi/lib/armv7-m\libc.a(lib_a-mlock.o)
                0x00085650                __malloc_lock
 .text.__malloc_unlock
                0x00085654        0x4 c:/program files (x86)/atmel/atmel toolchain/arm gcc/native/4.8.1443/arm-gnu-toolchain/bin/../lib/gcc/arm-none-eabi/4.8.4/../../../../arm-none-eabi/lib/armv7-m\libc.a(lib_a-mlock.o)
                0x00085654                __malloc_unlock
 .text._realloc_r
                0x00085658      0x3c0 c:/program files (x86)/atmel/atmel toolchain/arm gcc/native/4.8.1443/arm-gnu-toolchain/bin/../lib/gcc/arm-none-eabi/4.8.4/../../../../arm-none-eabi/lib/armv7-m\libc.a(lib_a-reallocr.o)
                0x00085658                _realloc_r
 .text._sbrk_r  0x00085a18       0x24 c:/program files (x86)/atmel/atmel toolchain/arm gcc/native/4.8.1443/arm-gnu-toolchain/bin/../lib/gcc/arm-none-eabi/4.8.4/../../../../arm-none-eabi/lib/armv7-m\libc.a(lib_a-sbrkr.o)
                0x00085a18                _sbrk_r
 .text.__sread  0x00085a3c       0x24 c:/program files (x86)/atmel/atmel toolchain/arm gcc/native/4.8.1443/arm-gnu-toolchain/bin/../lib/gcc/arm-none-eabi/4.8.4/../../../../arm-none-eabi/lib/armv7-m\libc.a(lib_a-stdio.o)
                0x00085a3c                __sread
 .text.__swrite
                0x00085a60       0x38 c:/program files (x86)/atmel/atmel toolchain/arm gcc/native/4.8.1443/arm-gnu-toolchain/bin/../lib/gcc/arm-none-eabi/4.8.4/../../../../arm-none-eabi/lib/armv7-m\libc.a(lib_a-stdio.o)
                0x00085a60                __swrite
 .text.__sseek  0x00085a98       0x20 c:/program files (x86)/atmel/atmel toolchain/arm gcc/native/4.8.1443/arm-gnu-toolchain/bin/../lib/gcc/arm-none-eabi/4.8.4/../../../../arm-none-eabi/lib/armv7-m\libc.a(lib_a-stdio.o)
                0x00085a98                __sseek
 .text.__sclose
                0x00085ab8        0x8 c:/program files (x86)/atmel/atmel toolchain/arm gcc/native/4.8.1443/arm-gnu-toolchain/bin/../lib/gcc/arm-none-eabi/4.8.4/../../../../arm-none-eabi/lib/armv7-m\libc.a(lib_a-stdio.o)
                0x00085ab8                __sclose
 .text.__swbuf_r
                0x00085ac0       0xa8 c:/program files (x86)/atmel/atmel toolchain/arm gcc/native/4.8.1443/arm-gnu-toolchain/bin/../lib/gcc/arm-none-eabi/4.8.4/../../../../arm-none-eabi/lib/armv7-m\libc.a(lib_a-wbuf.o)
                0x00085ac0                __swbuf_r
 .text._wcrtomb_r
                0x00085b68       0x50 c:/program files (x86)/atmel/atmel toolchain/arm gcc/native/4.8.1443/arm-gnu-toolchain/bin/../lib/gcc/arm-none-eabi/4.8.4/../../../../arm-none-eabi/lib/armv7-m\libc.a(lib_a-wcrtomb.o)
                0x00085b68                _wcrtomb_r
 .text.__ascii_wctomb
                0x00085bb8       0x1c c:/program files (x86)/atmel/atmel toolchain/arm gcc/native/4.8.1443/arm-gnu-toolchain/bin/../lib/gcc/arm-none-eabi/4.8.4/../../../../arm-none-eabi/lib/armv7-m\libc.a(lib_a-wctomb_r.o)
                0x00085bb8                __ascii_wctomb
 .text._write_r
                0x00085bd4       0x28 c:/program files (x86)/atmel/atmel toolchain/arm gcc/native/4.8.1443/arm-gnu-toolchain/bin/../lib/gcc/arm-none-eabi/4.8.4/../../../../arm-none-eabi/lib/armv7-m\libc.a(lib_a-writer.o)
                0x00085bd4                _write_r
 .text.__register_exitproc
                0x00085bfc       0xa8 c:/program files (x86)/atmel/atmel toolchain/arm gcc/native/4.8.1443/arm-gnu-toolchain/bin/../lib/gcc/arm-none-eabi/4.8.4/../../../../arm-none-eabi/lib/armv7-m\libc.a(lib_a-__atexit.o)
                0x00085bfc                __register_exitproc
 .text._close_r
                0x00085ca4       0x24 c:/program files (x86)/atmel/atmel toolchain/arm gcc/native/4.8.1443/arm-gnu-toolchain/bin/../lib/gcc/arm-none-eabi/4.8.4/../../../../arm-none-eabi/lib/armv7-m\libc.a(lib_a-closer.o)
                0x00085ca4                _close_r
 .text._fclose_r
                0x00085cc8       0x80 c:/program files (x86)/atmel/atmel toolchain/arm gcc/native/4.8.1443/arm-gnu-toolchain/bin/../lib/gcc/arm-none-eabi/4.8.4/../../../../arm-none-eabi/lib/armv7-m\libc.a(lib_a-fclose.o)
                0x00085cc8                _fclose_r
 .text.fclose   0x00085d48       0x10 c:/program files (x86)/atmel/atmel toolchain/arm gcc/native/4.8.1443/arm-gnu-toolchain/bin/../lib/gcc/arm-none-eabi/4.8.4/../../../../arm-none-eabi/lib/armv7-m\libc.a(lib_a-fclose.o)
                0x00085d48                fclose
 .text._fstat_r
                0x00085d58       0x28 c:/program files (x86)/atmel/atmel toolchain/arm gcc/native/4.8.1443/arm-gnu-toolchain/bin/../lib/gcc/arm-none-eabi/4.8.4/../../../../arm-none-eabi/lib/armv7-m\libc.a(lib_a-fstatr.o)
                0x00085d58                _fstat_r
 .text._isatty_r
                0x00085d80       0x24 c:/program files (x86)/atmel/atmel toolchain/arm gcc/native/4.8.1443/arm-gnu-toolchain/bin/../lib/gcc/arm-none-eabi/4.8.4/../../../../arm-none-eabi/lib/armv7-m\libc.a(lib_a-isattyr.o)
                0x00085d80                _isatty_r
 .text._lseek_r
                0x00085da4       0x28 c:/program files (x86)/atmel/atmel toolchain/arm gcc/native/4.8.1443/arm-gnu-toolchain/bin/../lib/gcc/arm-none-eabi/4.8.4/../../../../arm-none-eabi/lib/armv7-m\libc.a(lib_a-lseekr.o)
                0x00085da4                _lseek_r
 .text._read_r  0x00085dcc       0x28 c:/program files (x86)/atmel/atmel toolchain/arm gcc/native/4.8.1443/arm-gnu-toolchain/bin/../lib/gcc/arm-none-eabi/4.8.4/../../../../arm-none-eabi/lib/armv7-m\libc.a(lib_a-readr.o)
                0x00085dcc                _read_r
 .text          0x00085df4       0x2c c:/program files (x86)/atmel/atmel toolchain/arm gcc/native/4.8.1443/arm-gnu-toolchain/bin/../lib/gcc/arm-none-eabi/4.8.4/armv7-m\libgcc.a(_aeabi_uldivmod.o)
                0x00085df4                __aeabi_uldivmod
 .text          0x00085e20       0x60 c:/program files (x86)/atmel/atmel toolchain/arm gcc/native/4.8.1443/arm-gnu-toolchain/bin/../lib/gcc/arm-none-eabi/4.8.4/armv7-m\libgcc.a(bpabi.o)
                0x00085e20                __gnu_ldivmod_helper
                0x00085e50                __gnu_uldivmod_helper
 .text          0x00085e80        0x4 c:/program files (x86)/atmel/atmel toolchain/arm gcc/native/4.8.1443/arm-gnu-toolchain/bin/../lib/gcc/arm-none-eabi/4.8.4/armv7-m\libgcc.a(_dvmd_tls.o)
                0x00085e80                __aeabi_idiv0
                0x00085e80                __aeabi_ldiv0
 .text          0x00085e84      0x2a0 c:/program files (x86)/atmel/atmel toolchain/arm gcc/native/4.8.1443/arm-gnu-toolchain/bin/../lib/gcc/arm-none-eabi/4.8.4/armv7-m\libgcc.a(_divdi3.o)
                0x00085e84                __divdi3
 .text          0x00086124      0x290 c:/program files (x86)/atmel/atmel toolchain/arm gcc/native/4.8.1443/arm-gnu-toolchain/bin/../lib/gcc/arm-none-eabi/4.8.4/armv7-m\libgcc.a(_udivdi3.o)
                0x00086124                __udivdi3
 *(.glue_7t)
 .glue_7t       0x00000000        0x0 linker stubs
 *(.glue_7)
 .glue_7        0x00000000        0x0 linker stubs
 *(.rodata .rodata* .gnu.linkonce.r.*)
 .rodata.str1.4
                0x000863b4        0x4 src/task_komm.o
 .rodata.str1.4
                0x000863b8       0x1f src/ASF/thirdparty/freertos/freertos-7.3.0/source/tasks.o
                                 0x20 (size before relaxing)
 *fill*         0x000863d7        0x1 
 .rodata.str1.4
                0x000863d8        0x8 src/ASF/thirdparty/freertos/freertos-7.3.0/source/timers.o
 .rodata        0x000863e0       0x2c src/ASF/sam/drivers/pwm/pwm.o
 .rodata.str1.4
                0x0008640c       0x51 src/main.o
                                 0x54 (size before relaxing)
 *fill*         0x0008645d        0x3 
 .rodata.str1.4
                0x00086460        0x2 c:/program files (x86)/atmel/atmel toolchain/arm gcc/native/4.8.1443/arm-gnu-toolchain/bin/../lib/gcc/arm-none-eabi/4.8.4/../../../../arm-none-eabi/lib/armv7-m\libc.a(lib_a-impure.o)
                                  0x4 (size before relaxing)
 *fill*         0x00086462        0x2 
 .rodata._global_impure_ptr
                0x00086464        0x4 c:/program files (x86)/atmel/atmel toolchain/arm gcc/native/4.8.1443/arm-gnu-toolchain/bin/../lib/gcc/arm-none-eabi/4.8.4/../../../../arm-none-eabi/lib/armv7-m\libc.a(lib_a-impure.o)
                0x00086464                _global_impure_ptr
 .rodata.str1.4
                0x00086468       0x30 c:/program files (x86)/atmel/atmel toolchain/arm gcc/native/4.8.1443/arm-gnu-toolchain/bin/../lib/gcc/arm-none-eabi/4.8.4/../../../../arm-none-eabi/lib/armv7-m\libc.a(lib_a-vfiprintf.o)
 .rodata.zeroes.6721
                0x00086498       0x10 c:/program files (x86)/atmel/atmel toolchain/arm gcc/native/4.8.1443/arm-gnu-toolchain/bin/../lib/gcc/arm-none-eabi/4.8.4/../../../../arm-none-eabi/lib/armv7-m\libc.a(lib_a-vfiprintf.o)
 .rodata.blanks.6720
                0x000864a8       0x10 c:/program files (x86)/atmel/atmel toolchain/arm gcc/native/4.8.1443/arm-gnu-toolchain/bin/../lib/gcc/arm-none-eabi/4.8.4/../../../../arm-none-eabi/lib/armv7-m\libc.a(lib_a-vfiprintf.o)
 *(.ARM.extab* .gnu.linkonce.armextab.*)
                0x000864b8                . = ALIGN (0x4)
 *(.init)
 .init          0x000864b8        0x4 c:/program files (x86)/atmel/atmel toolchain/arm gcc/native/4.8.1443/arm-gnu-toolchain/bin/../lib/gcc/arm-none-eabi/4.8.4/armv7-m/crti.o
                0x000864b8                _init
 .init          0x000864bc        0x8 c:/program files (x86)/atmel/atmel toolchain/arm gcc/native/4.8.1443/arm-gnu-toolchain/bin/../lib/gcc/arm-none-eabi/4.8.4/armv7-m/crtn.o
                0x000864c4                . = ALIGN (0x4)
                0x000864c4                __preinit_array_start = .
 *(.preinit_array)
                0x000864c4                __preinit_array_end = .
                0x000864c4                . = ALIGN (0x4)
                0x000864c4                __init_array_start = .
 *(SORT(.init_array.*))
 .init_array.00000
                0x000864c4        0x4 c:/program files (x86)/atmel/atmel toolchain/arm gcc/native/4.8.1443/arm-gnu-toolchain/bin/../lib/gcc/arm-none-eabi/4.8.4/../../../../arm-none-eabi/lib/armv7-m\libc.a(lib_a-__call_atexit.o)
 *(.init_array)
 .init_array    0x000864c8        0x4 c:/program files (x86)/atmel/atmel toolchain/arm gcc/native/4.8.1443/arm-gnu-toolchain/bin/../lib/gcc/arm-none-eabi/4.8.4/armv7-m/crtbegin.o
                0x000864cc                __init_array_end = .
                0x000864cc                . = ALIGN (0x4)
 *crtbegin.o(.ctors)
 *(EXCLUDE_FILE(*crtend.o) .ctors)
 *(SORT(.ctors.*))
 *crtend.o(.ctors)
                0x000864cc                . = ALIGN (0x4)
 *(.fini)
 .fini          0x000864cc        0x4 c:/program files (x86)/atmel/atmel toolchain/arm gcc/native/4.8.1443/arm-gnu-toolchain/bin/../lib/gcc/arm-none-eabi/4.8.4/armv7-m/crti.o
                0x000864cc                _fini
 .fini          0x000864d0        0x8 c:/program files (x86)/atmel/atmel toolchain/arm gcc/native/4.8.1443/arm-gnu-toolchain/bin/../lib/gcc/arm-none-eabi/4.8.4/armv7-m/crtn.o
                0x000864d8                . = ALIGN (0x4)
                0x000864d8                __fini_array_start = .
 *(.fini_array)
 .fini_array    0x000864d8        0x4 c:/program files (x86)/atmel/atmel toolchain/arm gcc/native/4.8.1443/arm-gnu-toolchain/bin/../lib/gcc/arm-none-eabi/4.8.4/armv7-m/crtbegin.o
 *(SORT(.fini_array.*))
                0x000864dc                __fini_array_end = .
 *crtbegin.o(.dtors)
 *(EXCLUDE_FILE(*crtend.o) .dtors)
 *(SORT(.dtors.*))
 *crtend.o(.dtors)
                0x000864dc                . = ALIGN (0x4)
                0x000864dc                _efixed = .
                0x000864dc                PROVIDE (__exidx_start, .)

.vfp11_veneer   0x000864dc        0x0
 .vfp11_veneer  0x00000000        0x0 linker stubs

.v4_bx          0x000864dc        0x0
 .v4_bx         0x00000000        0x0 linker stubs

.iplt           0x000864dc        0x0
 .iplt          0x00000000        0x0 c:/program files (x86)/atmel/atmel toolchain/arm gcc/native/4.8.1443/arm-gnu-toolchain/bin/../lib/gcc/arm-none-eabi/4.8.4/armv7-m/crtbegin.o

.ARM.exidx      0x000864dc        0x8
 *(.ARM.exidx* .gnu.linkonce.armexidx.*)
 .ARM.exidx     0x000864dc        0x8 c:/program files (x86)/atmel/atmel toolchain/arm gcc/native/4.8.1443/arm-gnu-toolchain/bin/../lib/gcc/arm-none-eabi/4.8.4/armv7-m\libgcc.a(_divdi3.o)
 .ARM.exidx     0x000864e4        0x0 c:/program files (x86)/atmel/atmel toolchain/arm gcc/native/4.8.1443/arm-gnu-toolchain/bin/../lib/gcc/arm-none-eabi/4.8.4/armv7-m\libgcc.a(_udivdi3.o)
                                  0x8 (size before relaxing)
                0x000864e4                PROVIDE (__exidx_end, .)

.eh_frame       0x000864e4        0x0
 .eh_frame      0x000864e4        0x0 c:/program files (x86)/atmel/atmel toolchain/arm gcc/native/4.8.1443/arm-gnu-toolchain/bin/../lib/gcc/arm-none-eabi/4.8.4/armv7-m/crtbegin.o

.rel.dyn        0x000864e4        0x0
 .rel.iplt      0x00000000        0x0 c:/program files (x86)/atmel/atmel toolchain/arm gcc/native/4.8.1443/arm-gnu-toolchain/bin/../lib/gcc/arm-none-eabi/4.8.4/armv7-m/crtbegin.o

.jcr            0x000864e4        0x0
 .jcr           0x000864e4        0x0 c:/program files (x86)/atmel/atmel toolchain/arm gcc/native/4.8.1443/arm-gnu-toolchain/bin/../lib/gcc/arm-none-eabi/4.8.4/armv7-m/crtbegin.o

.igot.plt       0x000864e4        0x0
 .igot.plt      0x00000000        0x0 c:/program files (x86)/atmel/atmel toolchain/arm gcc/native/4.8.1443/arm-gnu-toolchain/bin/../lib/gcc/arm-none-eabi/4.8.4/armv7-m/crtbegin.o
                0x000864e4                . = ALIGN (0x4)
                0x000864e4                _etext = .

.relocate       0x20070000      0x9b4 load address 0x000864e4
                0x20070000                . = ALIGN (0x4)
                0x20070000                _srelocate = .
 *(.ramfunc .ramfunc.*)
 .ramfunc       0x20070000      0x12c src/ASF/sam/utils/cmsis/sam3x/source/templates/system_sam3x.o
                0x20070000                SystemInit
                0x200700a4                system_init_flash
 *(.data .data.*)
 *fill*         0x2007012c        0x4 
 .data.dT       0x20070130        0x8 src/task_PID.o
                0x20070130                dT
 .data.uxCriticalNesting
                0x20070138        0x4 src/ASF/thirdparty/freertos/freertos-7.3.0/source/portable/gcc/sam/port.o
 .data.xFreeBytesRemaining
                0x2007013c        0x4 src/ASF/thirdparty/freertos/freertos-7.3.0/source/portable/memmang/heap_4.o
 .data.xNextTaskUnblockTime
                0x20070140        0x4 src/ASF/thirdparty/freertos/freertos-7.3.0/source/tasks.o
 .data.g_interrupt_enabled
                0x20070144        0x1 src/ASF/common/utils/interrupt/interrupt_sam_nvic.o
                0x20070144                g_interrupt_enabled
 *fill*         0x20070145        0x3 
 .data.SystemCoreClock
                0x20070148        0x4 src/ASF/sam/utils/cmsis/sam3x/source/templates/system_sam3x.o
                0x20070148                SystemCoreClock
 *fill*         0x2007014c        0x4 
 .data.impure_data
                0x20070150      0x428 c:/program files (x86)/atmel/atmel toolchain/arm gcc/native/4.8.1443/arm-gnu-toolchain/bin/../lib/gcc/arm-none-eabi/4.8.4/../../../../arm-none-eabi/lib/armv7-m\libc.a(lib_a-impure.o)
 .data._impure_ptr
                0x20070578        0x4 c:/program files (x86)/atmel/atmel toolchain/arm gcc/native/4.8.1443/arm-gnu-toolchain/bin/../lib/gcc/arm-none-eabi/4.8.4/../../../../arm-none-eabi/lib/armv7-m\libc.a(lib_a-impure.o)
                0x20070578                _impure_ptr
 .data.lc_ctype_charset
                0x2007057c       0x20 c:/program files (x86)/atmel/atmel toolchain/arm gcc/native/4.8.1443/arm-gnu-toolchain/bin/../lib/gcc/arm-none-eabi/4.8.4/../../../../arm-none-eabi/lib/armv7-m\libc.a(lib_a-locale.o)
 .data.__mb_cur_max
                0x2007059c        0x4 c:/program files (x86)/atmel/atmel toolchain/arm gcc/native/4.8.1443/arm-gnu-toolchain/bin/../lib/gcc/arm-none-eabi/4.8.4/../../../../arm-none-eabi/lib/armv7-m\libc.a(lib_a-locale.o)
                0x2007059c                __mb_cur_max
 .data.__malloc_av_
                0x200705a0      0x408 c:/program files (x86)/atmel/atmel toolchain/arm gcc/native/4.8.1443/arm-gnu-toolchain/bin/../lib/gcc/arm-none-eabi/4.8.4/../../../../arm-none-eabi/lib/armv7-m\libc.a(lib_a-mallocr.o)
                0x200705a0                __malloc_av_
 .data.__malloc_trim_threshold
                0x200709a8        0x4 c:/program files (x86)/atmel/atmel toolchain/arm gcc/native/4.8.1443/arm-gnu-toolchain/bin/../lib/gcc/arm-none-eabi/4.8.4/../../../../arm-none-eabi/lib/armv7-m\libc.a(lib_a-mallocr.o)
                0x200709a8                __malloc_trim_threshold
 .data.__malloc_sbrk_base
                0x200709ac        0x4 c:/program files (x86)/atmel/atmel toolchain/arm gcc/native/4.8.1443/arm-gnu-toolchain/bin/../lib/gcc/arm-none-eabi/4.8.4/../../../../arm-none-eabi/lib/armv7-m\libc.a(lib_a-mallocr.o)
                0x200709ac                __malloc_sbrk_base
 .data.__wctomb
                0x200709b0        0x4 c:/program files (x86)/atmel/atmel toolchain/arm gcc/native/4.8.1443/arm-gnu-toolchain/bin/../lib/gcc/arm-none-eabi/4.8.4/../../../../arm-none-eabi/lib/armv7-m\libc.a(lib_a-wctomb_r.o)
                0x200709b0                __wctomb
                0x200709b4                . = ALIGN (0x4)
                0x200709b4                _erelocate = .

.bss            0x200709b8     0xa378 load address 0x00086ea0
                0x200709b8                . = ALIGN (0x4)
                0x200709b8                _sbss = .
                0x200709b8                _szero = .
 *(.bss .bss.*)
 .bss           0x200709b8       0x1c c:/program files (x86)/atmel/atmel toolchain/arm gcc/native/4.8.1443/arm-gnu-toolchain/bin/../lib/gcc/arm-none-eabi/4.8.4/armv7-m/crtbegin.o
 .bss.serial_rx_buf
                0x200709d4       0x9c src/ASF/thirdparty/wireless/addons/sio2host/uart/sio2host.o
 .bss.serial_rx_buf_tail
                0x20070a70        0x1 src/ASF/thirdparty/wireless/addons/sio2host/uart/sio2host.o
 .bss.serial_rx_count
                0x20070a71        0x1 src/ASF/thirdparty/wireless/addons/sio2host/uart/sio2host.o
 .bss.readyToReceive
                0x20070a72        0x1 src/task_komm.o
                0x20070a72                readyToReceive
 *fill*         0x20070a73        0x5 
 .bss.kptoPID   0x20070a78        0x8 src/task_komm.o
                0x20070a78                kptoPID
 .bss.tempTd    0x20070a80        0x8 src/task_komm.o
                0x20070a80                tempTd
 .bss.felmargitomatlab
                0x20070a88        0x4 src/task_komm.o
                0x20070a88                felmargitomatlab
 *fill*         0x20070a8c        0x4 
 .bss.tdtoPID   0x20070a90        0x8 src/task_komm.o
                0x20070a90                tdtoPID
 .bss.borvardetomatlab
                0x20070a98        0x4 src/task_komm.o
                0x20070a98                borvardetomatlab
 .bss.averagesensorvaluetomatlab
                0x20070a9c        0x4 src/task_komm.o
                0x20070a9c                averagesensorvaluetomatlab
 .bss.titoPID   0x20070aa0        0x8 src/task_komm.o
                0x20070aa0                titoPID
 .bss.tempti    0x20070aa8        0x8 src/task_komm.o
                0x20070aa8                tempti
 .bss.readyToSend
                0x20070ab0        0x1 src/task_komm.o
                0x20070ab0                readyToSend
 .bss.flag      0x20070ab1        0x1 src/task_komm.o
                0x20070ab1                flag
 *fill*         0x20070ab2        0x6 
 .bss.tempkp    0x20070ab8        0x8 src/task_komm.o
                0x20070ab8                tempkp
 .bss.styrvardetomatlab
                0x20070ac0        0x4 src/task_komm.o
                0x20070ac0                styrvardetomatlab
 .bss.borvarde  0x20070ac4        0x1 src/task_PID.o
                0x20070ac4                borvarde
 *fill*         0x20070ac5        0x3 
 .bss.readyforPID
                0x20070ac8        0x4 src/task_PID.o
                0x20070ac8                readyforPID
 .bss.ValuesoFFan
                0x20070acc       0x14 src/task_PID.o
 .bss.Kp        0x20070ae0        0x8 src/task_PID.o
                0x20070ae0                Kp
 .bss.Td        0x20070ae8        0x8 src/task_PID.o
                0x20070ae8                Td
 .bss.felmargi  0x20070af0        0x4 src/task_PID.o
                0x20070af0                felmargi
 *fill*         0x20070af4        0x4 
 .bss.Ti        0x20070af8        0x8 src/task_PID.o
                0x20070af8                Ti
 .bss.xHeap     0x20070b00     0xa000 src/ASF/thirdparty/freertos/freertos-7.3.0/source/portable/memmang/heap_4.o
 .bss.pxEnd     0x2007ab00        0x4 src/ASF/thirdparty/freertos/freertos-7.3.0/source/portable/memmang/heap_4.o
 .bss.xStart    0x2007ab04        0x8 src/ASF/thirdparty/freertos/freertos-7.3.0/source/portable/memmang/heap_4.o
 .bss.uxMissedTicks
                0x2007ab0c        0x4 src/ASF/thirdparty/freertos/freertos-7.3.0/source/tasks.o
 .bss.xSuspendedTaskList
                0x2007ab10       0x14 src/ASF/thirdparty/freertos/freertos-7.3.0/source/tasks.o
 .bss.pxDelayedTaskList
                0x2007ab24        0x4 src/ASF/thirdparty/freertos/freertos-7.3.0/source/tasks.o
 .bss.xSchedulerRunning
                0x2007ab28        0x4 src/ASF/thirdparty/freertos/freertos-7.3.0/source/tasks.o
 .bss.uxTasksDeleted
                0x2007ab2c        0x4 src/ASF/thirdparty/freertos/freertos-7.3.0/source/tasks.o
 .bss.xTasksWaitingTermination
                0x2007ab30       0x14 src/ASF/thirdparty/freertos/freertos-7.3.0/source/tasks.o
 .bss.xDelayedTaskList2
                0x2007ab44       0x14 src/ASF/thirdparty/freertos/freertos-7.3.0/source/tasks.o
 .bss.uxTopReadyPriority
                0x2007ab58        0x4 src/ASF/thirdparty/freertos/freertos-7.3.0/source/tasks.o
 .bss.pxReadyTasksLists
                0x2007ab5c       0x64 src/ASF/thirdparty/freertos/freertos-7.3.0/source/tasks.o
 .bss.uxSchedulerSuspended
                0x2007abc0        0x4 src/ASF/thirdparty/freertos/freertos-7.3.0/source/tasks.o
 .bss.pxCurrentTCB
                0x2007abc4        0x4 src/ASF/thirdparty/freertos/freertos-7.3.0/source/tasks.o
                0x2007abc4                pxCurrentTCB
 .bss.xPendingReadyList
                0x2007abc8       0x14 src/ASF/thirdparty/freertos/freertos-7.3.0/source/tasks.o
 .bss.xNumOfOverflows
                0x2007abdc        0x4 src/ASF/thirdparty/freertos/freertos-7.3.0/source/tasks.o
 .bss.xTickCount
                0x2007abe0        0x4 src/ASF/thirdparty/freertos/freertos-7.3.0/source/tasks.o
 .bss.pxOverflowDelayedTaskList
                0x2007abe4        0x4 src/ASF/thirdparty/freertos/freertos-7.3.0/source/tasks.o
 .bss.uxTaskNumber
                0x2007abe8        0x4 src/ASF/thirdparty/freertos/freertos-7.3.0/source/tasks.o
 .bss.xDelayedTaskList1
                0x2007abec       0x14 src/ASF/thirdparty/freertos/freertos-7.3.0/source/tasks.o
 .bss.xMissedYield
                0x2007ac00        0x4 src/ASF/thirdparty/freertos/freertos-7.3.0/source/tasks.o
 .bss.uxCurrentNumberOfTasks
                0x2007ac04        0x4 src/ASF/thirdparty/freertos/freertos-7.3.0/source/tasks.o
 .bss.uxTopUsedPriority
                0x2007ac08        0x4 src/ASF/thirdparty/freertos/freertos-7.3.0/source/tasks.o
 .bss.pxCurrentTimerList
                0x2007ac0c        0x4 src/ASF/thirdparty/freertos/freertos-7.3.0/source/timers.o
 .bss.xActiveTimerList1
                0x2007ac10       0x14 src/ASF/thirdparty/freertos/freertos-7.3.0/source/timers.o
 .bss.xActiveTimerList2
                0x2007ac24       0x14 src/ASF/thirdparty/freertos/freertos-7.3.0/source/timers.o
 .bss.xLastTime.4487
                0x2007ac38        0x4 src/ASF/thirdparty/freertos/freertos-7.3.0/source/timers.o
 .bss.xTimerQueue
                0x2007ac3c        0x4 src/ASF/thirdparty/freertos/freertos-7.3.0/source/timers.o
 .bss.pxOverflowTimerList
                0x2007ac40        0x4 src/ASF/thirdparty/freertos/freertos-7.3.0/source/timers.o
 .bss.gs_interrupt_sources
                0x2007ac44       0x70 src/ASF/sam/drivers/pio/pio_handler.o
 .bss.heap.5098
                0x2007acb4        0x4 src/ASF/sam/utils/syscalls/gcc/syscalls.o
 .bss.__malloc_max_total_mem
                0x2007acb8        0x4 c:/program files (x86)/atmel/atmel toolchain/arm gcc/native/4.8.1443/arm-gnu-toolchain/bin/../lib/gcc/arm-none-eabi/4.8.4/../../../../arm-none-eabi/lib/armv7-m\libc.a(lib_a-mallocr.o)
                0x2007acb8                __malloc_max_total_mem
 .bss.__malloc_max_sbrked_mem
                0x2007acbc        0x4 c:/program files (x86)/atmel/atmel toolchain/arm gcc/native/4.8.1443/arm-gnu-toolchain/bin/../lib/gcc/arm-none-eabi/4.8.4/../../../../arm-none-eabi/lib/armv7-m\libc.a(lib_a-mallocr.o)
                0x2007acbc                __malloc_max_sbrked_mem
 .bss.__malloc_top_pad
                0x2007acc0        0x4 c:/program files (x86)/atmel/atmel toolchain/arm gcc/native/4.8.1443/arm-gnu-toolchain/bin/../lib/gcc/arm-none-eabi/4.8.4/../../../../arm-none-eabi/lib/armv7-m\libc.a(lib_a-mallocr.o)
                0x2007acc0                __malloc_top_pad
 .bss.__malloc_current_mallinfo
                0x2007acc4       0x28 c:/program files (x86)/atmel/atmel toolchain/arm gcc/native/4.8.1443/arm-gnu-toolchain/bin/../lib/gcc/arm-none-eabi/4.8.4/../../../../arm-none-eabi/lib/armv7-m\libc.a(lib_a-mallocr.o)
                0x2007acc4                __malloc_current_mallinfo
 *(COMMON)
 COMMON         0x2007acec        0x4 src/ASF/common/utils/stdio/read.o
                0x2007acec                ptr_get
 COMMON         0x2007acf0        0x8 src/ASF/common/utils/stdio/write.o
                0x2007acf0                ptr_put
                0x2007acf4                stdio_base
 COMMON         0x2007acf8       0x28 src/PWMFunctions.o
                0x2007acf8                PWMPin40
 COMMON         0x2007ad20        0xc src/task_PID.o
                0x2007ad20                felmargibefore
                0x2007ad24                sum
                0x2007ad28                styrvarde
 COMMON         0x2007ad2c        0x4 c:/program files (x86)/atmel/atmel toolchain/arm gcc/native/4.8.1443/arm-gnu-toolchain/bin/../lib/gcc/arm-none-eabi/4.8.4/../../../../arm-none-eabi/lib/armv7-m\libc.a(lib_a-reent.o)
                0x2007ad2c                errno
                0x2007ad30                . = ALIGN (0x4)
                0x2007ad30                _ebss = .
                0x2007ad30                _ezero = .

.stack          0x2007ad30     0x2000 load address 0x00091218
                0x2007ad30                . = ALIGN (0x8)
                0x2007ad30                _sstack = .
                0x2007cd30                . = (. + __stack_size__)
 *fill*         0x2007ad30     0x2000 
                0x2007cd30                . = ALIGN (0x8)
                0x2007cd30                _estack = .
                0x2007cd30                . = ALIGN (0x4)
                0x2007cd30                _end = .
OUTPUT(Project.elf elf32-littlearm)

.ARM.attributes
                0x00000000       0x29
 .ARM.attributes
                0x00000000       0x1d c:/program files (x86)/atmel/atmel toolchain/arm gcc/native/4.8.1443/arm-gnu-toolchain/bin/../lib/gcc/arm-none-eabi/4.8.4/armv7-m/crti.o
 .ARM.attributes
                0x0000001d       0x2d c:/program files (x86)/atmel/atmel toolchain/arm gcc/native/4.8.1443/arm-gnu-toolchain/bin/../lib/gcc/arm-none-eabi/4.8.4/armv7-m/crtbegin.o
 .ARM.attributes
                0x0000004a       0x33 src/ASF/common/services/serial/usart_serial.o
 .ARM.attributes
                0x0000007d       0x33 src/ASF/common/utils/stdio/read.o
 .ARM.attributes
                0x000000b0       0x33 src/ASF/common/utils/stdio/write.o
 .ARM.attributes
                0x000000e3       0x33 src/ASF/sam/drivers/adc/adc.o
 .ARM.attributes
                0x00000116       0x33 src/ASF/sam/drivers/uart/uart.o
 .ARM.attributes
                0x00000149       0x33 src/ASF/sam/drivers/usart/usart.o
 .ARM.attributes
                0x0000017c       0x33 src/ASF/thirdparty/wireless/addons/sio2host/uart/sio2host.o
 .ARM.attributes
                0x000001af       0x33 src/communication.o
 .ARM.attributes
                0x000001e2       0x33 src/consoleFunctions.o
 .ARM.attributes
                0x00000215       0x33 src/ADCFunctions.o
 .ARM.attributes
                0x00000248       0x33 src/PinInit.o
 .ARM.attributes
                0x0000027b       0x33 src/PWMFunctions.o
 .ARM.attributes
                0x000002ae       0x33 src/task_komm.o
 .ARM.attributes
                0x000002e1       0x33 src/task_PID.o
 .ARM.attributes
                0x00000314       0x33 src/ASF/thirdparty/freertos/freertos-7.3.0/source/list.o
 .ARM.attributes
                0x00000347       0x33 src/ASF/thirdparty/freertos/freertos-7.3.0/source/portable/gcc/sam/port.o
 .ARM.attributes
                0x0000037a       0x33 src/ASF/thirdparty/freertos/freertos-7.3.0/source/portable/memmang/heap_4.o
 .ARM.attributes
                0x000003ad       0x33 src/ASF/thirdparty/freertos/freertos-7.3.0/source/queue.o
 .ARM.attributes
                0x000003e0       0x33 src/ASF/thirdparty/freertos/freertos-7.3.0/source/tasks.o
 .ARM.attributes
                0x00000413       0x33 src/ASF/thirdparty/freertos/freertos-7.3.0/source/timers.o
 .ARM.attributes
                0x00000446       0x33 src/ASF/sam/drivers/pwm/pwm.o
 .ARM.attributes
                0x00000479       0x33 src/ASF/common/services/clock/sam3x/sysclk.o
 .ARM.attributes
                0x000004ac       0x33 src/ASF/common/utils/interrupt/interrupt_sam_nvic.o
 .ARM.attributes
                0x000004df       0x33 src/ASF/sam/boards/arduino_due_x/init.o
 .ARM.attributes
                0x00000512       0x33 src/ASF/sam/drivers/pio/pio.o
 .ARM.attributes
                0x00000545       0x33 src/ASF/sam/drivers/pio/pio_handler.o
 .ARM.attributes
                0x00000578       0x33 src/ASF/sam/drivers/pmc/pmc.o
 .ARM.attributes
                0x000005ab       0x33 src/ASF/sam/utils/cmsis/sam3x/source/templates/exceptions.o
 .ARM.attributes
                0x000005de       0x33 src/ASF/sam/utils/cmsis/sam3x/source/templates/gcc/startup_sam3x.o
 .ARM.attributes
                0x00000611       0x33 src/ASF/sam/utils/cmsis/sam3x/source/templates/system_sam3x.o
 .ARM.attributes
                0x00000644       0x33 src/ASF/sam/utils/syscalls/gcc/syscalls.o
 .ARM.attributes
                0x00000677       0x33 src/main.o
 .ARM.attributes
                0x000006aa       0x1d c:/program files (x86)/atmel/atmel toolchain/arm gcc/native/4.8.1443/arm-gnu-toolchain/bin/../lib/gcc/arm-none-eabi/4.8.4/armv7-m\libgcc.a(_arm_addsubdf3.o)
 .ARM.attributes
                0x000006c7       0x1d c:/program files (x86)/atmel/atmel toolchain/arm gcc/native/4.8.1443/arm-gnu-toolchain/bin/../lib/gcc/arm-none-eabi/4.8.4/armv7-m\libgcc.a(_arm_muldivdf3.o)
 .ARM.attributes
                0x000006e4       0x1d c:/program files (x86)/atmel/atmel toolchain/arm gcc/native/4.8.1443/arm-gnu-toolchain/bin/../lib/gcc/arm-none-eabi/4.8.4/armv7-m\libgcc.a(_arm_fixdfsi.o)
 .ARM.attributes
                0x00000701       0x2d c:/program files (x86)/atmel/atmel toolchain/arm gcc/native/4.8.1443/arm-gnu-toolchain/bin/../lib/gcc/arm-none-eabi/4.8.4/../../../../arm-none-eabi/lib/armv7-m\libc.a(lib_a-impure.o)
 .ARM.attributes
                0x0000072e       0x2d c:/program files (x86)/atmel/atmel toolchain/arm gcc/native/4.8.1443/arm-gnu-toolchain/bin/../lib/gcc/arm-none-eabi/4.8.4/../../../../arm-none-eabi/lib/armv7-m\libc.a(lib_a-init.o)
 .ARM.attributes
                0x0000075b       0x2d c:/program files (x86)/atmel/atmel toolchain/arm gcc/native/4.8.1443/arm-gnu-toolchain/bin/../lib/gcc/arm-none-eabi/4.8.4/../../../../arm-none-eabi/lib/armv7-m\libc.a(lib_a-iprintf.o)
 .ARM.attributes
                0x00000788       0x1b c:/program files (x86)/atmel/atmel toolchain/arm gcc/native/4.8.1443/arm-gnu-toolchain/bin/../lib/gcc/arm-none-eabi/4.8.4/../../../../arm-none-eabi/lib/armv7-m\libc.a(lib_a-memcpy.o)
 .ARM.attributes
                0x000007a3       0x2d c:/program files (x86)/atmel/atmel toolchain/arm gcc/native/4.8.1443/arm-gnu-toolchain/bin/../lib/gcc/arm-none-eabi/4.8.4/../../../../arm-none-eabi/lib/armv7-m\libc.a(lib_a-memset.o)
 .ARM.attributes
                0x000007d0       0x2d c:/program files (x86)/atmel/atmel toolchain/arm gcc/native/4.8.1443/arm-gnu-toolchain/bin/../lib/gcc/arm-none-eabi/4.8.4/../../../../arm-none-eabi/lib/armv7-m\libc.a(lib_a-setbuf.o)
 .ARM.attributes
                0x000007fd       0x2d c:/program files (x86)/atmel/atmel toolchain/arm gcc/native/4.8.1443/arm-gnu-toolchain/bin/../lib/gcc/arm-none-eabi/4.8.4/../../../../arm-none-eabi/lib/armv7-m\libc.a(lib_a-setvbuf.o)
 .ARM.attributes
                0x0000082a       0x2d c:/program files (x86)/atmel/atmel toolchain/arm gcc/native/4.8.1443/arm-gnu-toolchain/bin/../lib/gcc/arm-none-eabi/4.8.4/../../../../arm-none-eabi/lib/armv7-m\libc.a(lib_a-strlen.o)
 .ARM.attributes
                0x00000857       0x2d c:/program files (x86)/atmel/atmel toolchain/arm gcc/native/4.8.1443/arm-gnu-toolchain/bin/../lib/gcc/arm-none-eabi/4.8.4/../../../../arm-none-eabi/lib/armv7-m\libc.a(lib_a-strncpy.o)
 .ARM.attributes
                0x00000884       0x2d c:/program files (x86)/atmel/atmel toolchain/arm gcc/native/4.8.1443/arm-gnu-toolchain/bin/../lib/gcc/arm-none-eabi/4.8.4/../../../../arm-none-eabi/lib/armv7-m\libc.a(lib_a-vfiprintf.o)
 .ARM.attributes
                0x000008b1       0x2d c:/program files (x86)/atmel/atmel toolchain/arm gcc/native/4.8.1443/arm-gnu-toolchain/bin/../lib/gcc/arm-none-eabi/4.8.4/../../../../arm-none-eabi/lib/armv7-m\libc.a(lib_a-wsetup.o)
 .ARM.attributes
                0x000008de       0x2d c:/program files (x86)/atmel/atmel toolchain/arm gcc/native/4.8.1443/arm-gnu-toolchain/bin/../lib/gcc/arm-none-eabi/4.8.4/../../../../arm-none-eabi/lib/armv7-m\libc.a(lib_a-__call_atexit.o)
 .ARM.attributes
                0x0000090b       0x2d c:/program files (x86)/atmel/atmel toolchain/arm gcc/native/4.8.1443/arm-gnu-toolchain/bin/../lib/gcc/arm-none-eabi/4.8.4/../../../../arm-none-eabi/lib/armv7-m\libc.a(lib_a-atexit.o)
 .ARM.attributes
                0x00000938       0x2d c:/program files (x86)/atmel/atmel toolchain/arm gcc/native/4.8.1443/arm-gnu-toolchain/bin/../lib/gcc/arm-none-eabi/4.8.4/../../../../arm-none-eabi/lib/armv7-m\libc.a(lib_a-fflush.o)
 .ARM.attributes
                0x00000965       0x2d c:/program files (x86)/atmel/atmel toolchain/arm gcc/native/4.8.1443/arm-gnu-toolchain/bin/../lib/gcc/arm-none-eabi/4.8.4/../../../../arm-none-eabi/lib/armv7-m\libc.a(lib_a-findfp.o)
 .ARM.attributes
                0x00000992       0x2d c:/program files (x86)/atmel/atmel toolchain/arm gcc/native/4.8.1443/arm-gnu-toolchain/bin/../lib/gcc/arm-none-eabi/4.8.4/../../../../arm-none-eabi/lib/armv7-m\libc.a(lib_a-fini.o)
 .ARM.attributes
                0x000009bf       0x2d c:/program files (x86)/atmel/atmel toolchain/arm gcc/native/4.8.1443/arm-gnu-toolchain/bin/../lib/gcc/arm-none-eabi/4.8.4/../../../../arm-none-eabi/lib/armv7-m\libc.a(lib_a-fputwc.o)
 .ARM.attributes
                0x000009ec       0x2d c:/program files (x86)/atmel/atmel toolchain/arm gcc/native/4.8.1443/arm-gnu-toolchain/bin/../lib/gcc/arm-none-eabi/4.8.4/../../../../arm-none-eabi/lib/armv7-m\libc.a(lib_a-freer.o)
 .ARM.attributes
                0x00000a19       0x2d c:/program files (x86)/atmel/atmel toolchain/arm gcc/native/4.8.1443/arm-gnu-toolchain/bin/../lib/gcc/arm-none-eabi/4.8.4/../../../../arm-none-eabi/lib/armv7-m\libc.a(lib_a-fvwrite.o)
 .ARM.attributes
                0x00000a46       0x2d c:/program files (x86)/atmel/atmel toolchain/arm gcc/native/4.8.1443/arm-gnu-toolchain/bin/../lib/gcc/arm-none-eabi/4.8.4/../../../../arm-none-eabi/lib/armv7-m\libc.a(lib_a-fwalk.o)
 .ARM.attributes
                0x00000a73       0x2d c:/program files (x86)/atmel/atmel toolchain/arm gcc/native/4.8.1443/arm-gnu-toolchain/bin/../lib/gcc/arm-none-eabi/4.8.4/../../../../arm-none-eabi/lib/armv7-m\libc.a(lib_a-locale.o)
 .ARM.attributes
                0x00000aa0       0x2d c:/program files (x86)/atmel/atmel toolchain/arm gcc/native/4.8.1443/arm-gnu-toolchain/bin/../lib/gcc/arm-none-eabi/4.8.4/../../../../arm-none-eabi/lib/armv7-m\libc.a(lib_a-makebuf.o)
 .ARM.attributes
                0x00000acd       0x2d c:/program files (x86)/atmel/atmel toolchain/arm gcc/native/4.8.1443/arm-gnu-toolchain/bin/../lib/gcc/arm-none-eabi/4.8.4/../../../../arm-none-eabi/lib/armv7-m\libc.a(lib_a-malloc.o)
 .ARM.attributes
                0x00000afa       0x2d c:/program files (x86)/atmel/atmel toolchain/arm gcc/native/4.8.1443/arm-gnu-toolchain/bin/../lib/gcc/arm-none-eabi/4.8.4/../../../../arm-none-eabi/lib/armv7-m\libc.a(lib_a-mallocr.o)
 .ARM.attributes
                0x00000b27       0x2d c:/program files (x86)/atmel/atmel toolchain/arm gcc/native/4.8.1443/arm-gnu-toolchain/bin/../lib/gcc/arm-none-eabi/4.8.4/../../../../arm-none-eabi/lib/armv7-m\libc.a(lib_a-memchr-stub.o)
 .ARM.attributes
                0x00000b54       0x2d c:/program files (x86)/atmel/atmel toolchain/arm gcc/native/4.8.1443/arm-gnu-toolchain/bin/../lib/gcc/arm-none-eabi/4.8.4/../../../../arm-none-eabi/lib/armv7-m\libc.a(lib_a-memmove.o)
 .ARM.attributes
                0x00000b81       0x2d c:/program files (x86)/atmel/atmel toolchain/arm gcc/native/4.8.1443/arm-gnu-toolchain/bin/../lib/gcc/arm-none-eabi/4.8.4/../../../../arm-none-eabi/lib/armv7-m\libc.a(lib_a-mlock.o)
 .ARM.attributes
                0x00000bae       0x2d c:/program files (x86)/atmel/atmel toolchain/arm gcc/native/4.8.1443/arm-gnu-toolchain/bin/../lib/gcc/arm-none-eabi/4.8.4/../../../../arm-none-eabi/lib/armv7-m\libc.a(lib_a-reallocr.o)
 .ARM.attributes
                0x00000bdb       0x2d c:/program files (x86)/atmel/atmel toolchain/arm gcc/native/4.8.1443/arm-gnu-toolchain/bin/../lib/gcc/arm-none-eabi/4.8.4/../../../../arm-none-eabi/lib/armv7-m\libc.a(lib_a-sbrkr.o)
 .ARM.attributes
                0x00000c08       0x2d c:/program files (x86)/atmel/atmel toolchain/arm gcc/native/4.8.1443/arm-gnu-toolchain/bin/../lib/gcc/arm-none-eabi/4.8.4/../../../../arm-none-eabi/lib/armv7-m\libc.a(lib_a-stdio.o)
 .ARM.attributes
                0x00000c35       0x2d c:/program files (x86)/atmel/atmel toolchain/arm gcc/native/4.8.1443/arm-gnu-toolchain/bin/../lib/gcc/arm-none-eabi/4.8.4/../../../../arm-none-eabi/lib/armv7-m\libc.a(lib_a-wbuf.o)
 .ARM.attributes
                0x00000c62       0x2d c:/program files (x86)/atmel/atmel toolchain/arm gcc/native/4.8.1443/arm-gnu-toolchain/bin/../lib/gcc/arm-none-eabi/4.8.4/../../../../arm-none-eabi/lib/armv7-m\libc.a(lib_a-wcrtomb.o)
 .ARM.attributes
                0x00000c8f       0x2d c:/program files (x86)/atmel/atmel toolchain/arm gcc/native/4.8.1443/arm-gnu-toolchain/bin/../lib/gcc/arm-none-eabi/4.8.4/../../../../arm-none-eabi/lib/armv7-m\libc.a(lib_a-wctomb_r.o)
 .ARM.attributes
                0x00000cbc       0x2d c:/program files (x86)/atmel/atmel toolchain/arm gcc/native/4.8.1443/arm-gnu-toolchain/bin/../lib/gcc/arm-none-eabi/4.8.4/../../../../arm-none-eabi/lib/armv7-m\libc.a(lib_a-writer.o)
 .ARM.attributes
                0x00000ce9       0x2d c:/program files (x86)/atmel/atmel toolchain/arm gcc/native/4.8.1443/arm-gnu-toolchain/bin/../lib/gcc/arm-none-eabi/4.8.4/../../../../arm-none-eabi/lib/armv7-m\libc.a(lib_a-__atexit.o)
 .ARM.attributes
                0x00000d16       0x2d c:/program files (x86)/atmel/atmel toolchain/arm gcc/native/4.8.1443/arm-gnu-toolchain/bin/../lib/gcc/arm-none-eabi/4.8.4/../../../../arm-none-eabi/lib/armv7-m\libc.a(lib_a-closer.o)
 .ARM.attributes
                0x00000d43       0x2d c:/program files (x86)/atmel/atmel toolchain/arm gcc/native/4.8.1443/arm-gnu-toolchain/bin/../lib/gcc/arm-none-eabi/4.8.4/../../../../arm-none-eabi/lib/armv7-m\libc.a(lib_a-fclose.o)
 .ARM.attributes
                0x00000d70       0x2d c:/program files (x86)/atmel/atmel toolchain/arm gcc/native/4.8.1443/arm-gnu-toolchain/bin/../lib/gcc/arm-none-eabi/4.8.4/../../../../arm-none-eabi/lib/armv7-m\libc.a(lib_a-fstatr.o)
 .ARM.attributes
                0x00000d9d       0x2d c:/program files (x86)/atmel/atmel toolchain/arm gcc/native/4.8.1443/arm-gnu-toolchain/bin/../lib/gcc/arm-none-eabi/4.8.4/../../../../arm-none-eabi/lib/armv7-m\libc.a(lib_a-isattyr.o)
 .ARM.attributes
                0x00000dca       0x2d c:/program files (x86)/atmel/atmel toolchain/arm gcc/native/4.8.1443/arm-gnu-toolchain/bin/../lib/gcc/arm-none-eabi/4.8.4/../../../../arm-none-eabi/lib/armv7-m\libc.a(lib_a-lseekr.o)
 .ARM.attributes
                0x00000df7       0x2d c:/program files (x86)/atmel/atmel toolchain/arm gcc/native/4.8.1443/arm-gnu-toolchain/bin/../lib/gcc/arm-none-eabi/4.8.4/../../../../arm-none-eabi/lib/armv7-m\libc.a(lib_a-readr.o)
 .ARM.attributes
                0x00000e24       0x2d c:/program files (x86)/atmel/atmel toolchain/arm gcc/native/4.8.1443/arm-gnu-toolchain/bin/../lib/gcc/arm-none-eabi/4.8.4/../../../../arm-none-eabi/lib/armv7-m\libc.a(lib_a-reent.o)
 .ARM.attributes
                0x00000e51       0x1d c:/program files (x86)/atmel/atmel toolchain/arm gcc/native/4.8.1443/arm-gnu-toolchain/bin/../lib/gcc/arm-none-eabi/4.8.4/armv7-m\libgcc.a(_aeabi_uldivmod.o)
 .ARM.attributes
                0x00000e6e       0x2d c:/program files (x86)/atmel/atmel toolchain/arm gcc/native/4.8.1443/arm-gnu-toolchain/bin/../lib/gcc/arm-none-eabi/4.8.4/armv7-m\libgcc.a(bpabi.o)
 .ARM.attributes
                0x00000e9b       0x1d c:/program files (x86)/atmel/atmel toolchain/arm gcc/native/4.8.1443/arm-gnu-toolchain/bin/../lib/gcc/arm-none-eabi/4.8.4/armv7-m\libgcc.a(_dvmd_tls.o)
 .ARM.attributes
                0x00000eb8       0x2d c:/program files (x86)/atmel/atmel toolchain/arm gcc/native/4.8.1443/arm-gnu-toolchain/bin/../lib/gcc/arm-none-eabi/4.8.4/armv7-m\libgcc.a(_divdi3.o)
 .ARM.attributes
                0x00000ee5       0x2d c:/program files (x86)/atmel/atmel toolchain/arm gcc/native/4.8.1443/arm-gnu-toolchain/bin/../lib/gcc/arm-none-eabi/4.8.4/armv7-m\libgcc.a(_udivdi3.o)
 .ARM.attributes
                0x00000f12       0x1d c:/program files (x86)/atmel/atmel toolchain/arm gcc/native/4.8.1443/arm-gnu-toolchain/bin/../lib/gcc/arm-none-eabi/4.8.4/armv7-m/crtn.o

.comment        0x00000000       0x5b
 .comment       0x00000000       0x5b src/ASF/common/services/serial/usart_serial.o
                                 0x5c (size before relaxing)
 .comment       0x00000000       0x5c src/ASF/common/utils/stdio/read.o
 .comment       0x00000000       0x5c src/ASF/common/utils/stdio/write.o
 .comment       0x00000000       0x5c src/ASF/sam/drivers/adc/adc.o
 .comment       0x00000000       0x5c src/ASF/sam/drivers/uart/uart.o
 .comment       0x00000000       0x5c src/ASF/sam/drivers/usart/usart.o
 .comment       0x00000000       0x5c src/ASF/thirdparty/wireless/addons/sio2host/uart/sio2host.o
 .comment       0x00000000       0x5c src/communication.o
 .comment       0x00000000       0x5c src/consoleFunctions.o
 .comment       0x00000000       0x5c src/ADCFunctions.o
 .comment       0x00000000       0x5c src/PinInit.o
 .comment       0x00000000       0x5c src/PWMFunctions.o
 .comment       0x00000000       0x5c src/task_komm.o
 .comment       0x00000000       0x5c src/task_PID.o
 .comment       0x00000000       0x5c src/ASF/thirdparty/freertos/freertos-7.3.0/source/list.o
 .comment       0x00000000       0x5c src/ASF/thirdparty/freertos/freertos-7.3.0/source/portable/gcc/sam/port.o
 .comment       0x00000000       0x5c src/ASF/thirdparty/freertos/freertos-7.3.0/source/portable/memmang/heap_4.o
 .comment       0x00000000       0x5c src/ASF/thirdparty/freertos/freertos-7.3.0/source/queue.o
 .comment       0x00000000       0x5c src/ASF/thirdparty/freertos/freertos-7.3.0/source/tasks.o
 .comment       0x00000000       0x5c src/ASF/thirdparty/freertos/freertos-7.3.0/source/timers.o
 .comment       0x00000000       0x5c src/ASF/sam/drivers/pwm/pwm.o
 .comment       0x00000000       0x5c src/ASF/common/services/clock/sam3x/sysclk.o
 .comment       0x00000000       0x5c src/ASF/common/utils/interrupt/interrupt_sam_nvic.o
 .comment       0x00000000       0x5c src/ASF/sam/boards/arduino_due_x/init.o
 .comment       0x00000000       0x5c src/ASF/sam/drivers/pio/pio.o
 .comment       0x00000000       0x5c src/ASF/sam/drivers/pio/pio_handler.o
 .comment       0x00000000       0x5c src/ASF/sam/drivers/pmc/pmc.o
 .comment       0x00000000       0x5c src/ASF/sam/utils/cmsis/sam3x/source/templates/exceptions.o
 .comment       0x00000000       0x5c src/ASF/sam/utils/cmsis/sam3x/source/templates/gcc/startup_sam3x.o
 .comment       0x00000000       0x5c src/ASF/sam/utils/cmsis/sam3x/source/templates/system_sam3x.o
 .comment       0x00000000       0x5c src/ASF/sam/utils/syscalls/gcc/syscalls.o
 .comment       0x00000000       0x5c src/main.o

.debug_info     0x00000000    0x18180
 .debug_info    0x00000000      0x7c5 src/ASF/common/services/serial/usart_serial.o
 .debug_info    0x000007c5      0x1bb src/ASF/common/utils/stdio/read.o
 .debug_info    0x00000980      0x1c0 src/ASF/common/utils/stdio/write.o
 .debug_info    0x00000b40     0x1196 src/ASF/sam/drivers/adc/adc.o
 .debug_info    0x00001cd6      0x889 src/ASF/sam/drivers/uart/uart.o
 .debug_info    0x0000255f     0x1bfa src/ASF/sam/drivers/usart/usart.o
 .debug_info    0x00004159     0x187b src/ASF/thirdparty/wireless/addons/sio2host/uart/sio2host.o
 .debug_info    0x000059d4     0x1300 src/communication.o
 .debug_info    0x00006cd4     0x129e src/consoleFunctions.o
 .debug_info    0x00007f72      0xf52 src/ADCFunctions.o
 .debug_info    0x00008ec4     0x10f0 src/PinInit.o
 .debug_info    0x00009fb4     0x1716 src/PWMFunctions.o
 .debug_info    0x0000b6ca      0xe0d src/task_komm.o
 .debug_info    0x0000c4d7      0xedb src/task_PID.o
 .debug_info    0x0000d3b2      0x2b7 src/ASF/thirdparty/freertos/freertos-7.3.0/source/list.o
 .debug_info    0x0000d669      0x3a1 src/ASF/thirdparty/freertos/freertos-7.3.0/source/portable/gcc/sam/port.o
 .debug_info    0x0000da0a      0x38d src/ASF/thirdparty/freertos/freertos-7.3.0/source/portable/memmang/heap_4.o
 .debug_info    0x0000dd97      0xf9e src/ASF/thirdparty/freertos/freertos-7.3.0/source/queue.o
 .debug_info    0x0000ed35     0x178d src/ASF/thirdparty/freertos/freertos-7.3.0/source/tasks.o
 .debug_info    0x000104c2      0xb44 src/ASF/thirdparty/freertos/freertos-7.3.0/source/timers.o
 .debug_info    0x00011006     0x1574 src/ASF/sam/drivers/pwm/pwm.o
 .debug_info    0x0001257a      0x796 src/ASF/common/services/clock/sam3x/sysclk.o
 .debug_info    0x00012d10      0x1e8 src/ASF/common/utils/interrupt/interrupt_sam_nvic.o
 .debug_info    0x00012ef8      0x726 src/ASF/sam/boards/arduino_due_x/init.o
 .debug_info    0x0001361e     0x1385 src/ASF/sam/drivers/pio/pio.o
 .debug_info    0x000149a3      0xe52 src/ASF/sam/drivers/pio/pio_handler.o
 .debug_info    0x000157f5     0x1080 src/ASF/sam/drivers/pmc/pmc.o
 .debug_info    0x00016875      0x124 src/ASF/sam/utils/cmsis/sam3x/source/templates/exceptions.o
 .debug_info    0x00016999      0x3bd src/ASF/sam/utils/cmsis/sam3x/source/templates/gcc/startup_sam3x.o
 .debug_info    0x00016d56      0x4c6 src/ASF/sam/utils/cmsis/sam3x/source/templates/system_sam3x.o
 .debug_info    0x0001721c      0x43f src/ASF/sam/utils/syscalls/gcc/syscalls.o
 .debug_info    0x0001765b      0xb25 src/main.o

.debug_abbrev   0x00000000     0x420c
 .debug_abbrev  0x00000000      0x1a8 src/ASF/common/services/serial/usart_serial.o
 .debug_abbrev  0x000001a8      0x101 src/ASF/common/utils/stdio/read.o
 .debug_abbrev  0x000002a9       0xf5 src/ASF/common/utils/stdio/write.o
 .debug_abbrev  0x0000039e      0x235 src/ASF/sam/drivers/adc/adc.o
 .debug_abbrev  0x000005d3      0x1bd src/ASF/sam/drivers/uart/uart.o
 .debug_abbrev  0x00000790      0x2dc src/ASF/sam/drivers/usart/usart.o
 .debug_abbrev  0x00000a6c      0x3cb src/ASF/thirdparty/wireless/addons/sio2host/uart/sio2host.o
 .debug_abbrev  0x00000e37      0x2f6 src/communication.o
 .debug_abbrev  0x0000112d      0x341 src/consoleFunctions.o
 .debug_abbrev  0x0000146e      0x25e src/ADCFunctions.o
 .debug_abbrev  0x000016cc      0x272 src/PinInit.o
 .debug_abbrev  0x0000193e      0x26f src/PWMFunctions.o
 .debug_abbrev  0x00001bad      0x249 src/task_komm.o
 .debug_abbrev  0x00001df6      0x2e5 src/task_PID.o
 .debug_abbrev  0x000020db       0xfb src/ASF/thirdparty/freertos/freertos-7.3.0/source/list.o
 .debug_abbrev  0x000021d6      0x22c src/ASF/thirdparty/freertos/freertos-7.3.0/source/portable/gcc/sam/port.o
 .debug_abbrev  0x00002402      0x220 src/ASF/thirdparty/freertos/freertos-7.3.0/source/portable/memmang/heap_4.o
 .debug_abbrev  0x00002622      0x288 src/ASF/thirdparty/freertos/freertos-7.3.0/source/queue.o
 .debug_abbrev  0x000028aa      0x2e0 src/ASF/thirdparty/freertos/freertos-7.3.0/source/tasks.o
 .debug_abbrev  0x00002b8a      0x261 src/ASF/thirdparty/freertos/freertos-7.3.0/source/timers.o
 .debug_abbrev  0x00002deb      0x231 src/ASF/sam/drivers/pwm/pwm.o
 .debug_abbrev  0x0000301c      0x227 src/ASF/common/services/clock/sam3x/sysclk.o
 .debug_abbrev  0x00003243       0xef src/ASF/common/utils/interrupt/interrupt_sam_nvic.o
 .debug_abbrev  0x00003332      0x16d src/ASF/sam/boards/arduino_due_x/init.o
 .debug_abbrev  0x0000349f      0x2d5 src/ASF/sam/drivers/pio/pio.o
 .debug_abbrev  0x00003774      0x257 src/ASF/sam/drivers/pio/pio_handler.o
 .debug_abbrev  0x000039cb      0x268 src/ASF/sam/drivers/pmc/pmc.o
 .debug_abbrev  0x00003c33       0x8c src/ASF/sam/utils/cmsis/sam3x/source/templates/exceptions.o
 .debug_abbrev  0x00003cbf      0x118 src/ASF/sam/utils/cmsis/sam3x/source/templates/gcc/startup_sam3x.o
 .debug_abbrev  0x00003dd7      0x115 src/ASF/sam/utils/cmsis/sam3x/source/templates/system_sam3x.o
 .debug_abbrev  0x00003eec      0x14e src/ASF/sam/utils/syscalls/gcc/syscalls.o
 .debug_abbrev  0x0000403a      0x1d2 src/main.o

.debug_loc      0x00000000     0x9580
 .debug_loc     0x00000000      0x2d1 src/ASF/common/services/serial/usart_serial.o
 .debug_loc     0x000002d1       0xc5 src/ASF/common/utils/stdio/read.o
 .debug_loc     0x00000396      0x161 src/ASF/common/utils/stdio/write.o
 .debug_loc     0x000004f7      0x980 src/ASF/sam/drivers/adc/adc.o
 .debug_loc     0x00000e77      0x236 src/ASF/sam/drivers/uart/uart.o
 .debug_loc     0x000010ad     0x128d src/ASF/sam/drivers/usart/usart.o
 .debug_loc     0x0000233a      0x4cd src/ASF/thirdparty/wireless/addons/sio2host/uart/sio2host.o
 .debug_loc     0x00002807       0x58 src/communication.o
 .debug_loc     0x0000285f      0x28b src/consoleFunctions.o
 .debug_loc     0x00002aea      0x113 src/ADCFunctions.o
 .debug_loc     0x00002bfd       0xcb src/PWMFunctions.o
 .debug_loc     0x00002cc8      0x1ab src/task_komm.o
 .debug_loc     0x00002e73      0x474 src/task_PID.o
 .debug_loc     0x000032e7       0x85 src/ASF/thirdparty/freertos/freertos-7.3.0/source/list.o
 .debug_loc     0x0000336c      0x100 src/ASF/thirdparty/freertos/freertos-7.3.0/source/portable/gcc/sam/port.o
 .debug_loc     0x0000346c      0x371 src/ASF/thirdparty/freertos/freertos-7.3.0/source/portable/memmang/heap_4.o
 .debug_loc     0x000037dd     0x1190 src/ASF/thirdparty/freertos/freertos-7.3.0/source/queue.o
 .debug_loc     0x0000496d     0x1578 src/ASF/thirdparty/freertos/freertos-7.3.0/source/tasks.o
 .debug_loc     0x00005ee5      0x9be src/ASF/thirdparty/freertos/freertos-7.3.0/source/timers.o
 .debug_loc     0x000068a3      0xd48 src/ASF/sam/drivers/pwm/pwm.o
 .debug_loc     0x000075eb      0x12d src/ASF/common/services/clock/sam3x/sysclk.o
 .debug_loc     0x00007718       0x1e src/ASF/common/utils/interrupt/interrupt_sam_nvic.o
 .debug_loc     0x00007736       0x20 src/ASF/sam/boards/arduino_due_x/init.o
 .debug_loc     0x00007756      0xa83 src/ASF/sam/drivers/pio/pio.o
 .debug_loc     0x000081d9      0x53d src/ASF/sam/drivers/pio/pio_handler.o
 .debug_loc     0x00008716      0xc95 src/ASF/sam/drivers/pmc/pmc.o
 .debug_loc     0x000093ab       0x7e src/ASF/sam/utils/cmsis/sam3x/source/templates/gcc/startup_sam3x.o
 .debug_loc     0x00009429      0x12b src/ASF/sam/utils/syscalls/gcc/syscalls.o
 .debug_loc     0x00009554       0x2c src/main.o

.debug_aranges  0x00000000     0x10d8
 .debug_aranges
                0x00000000       0x28 src/ASF/common/services/serial/usart_serial.o
 .debug_aranges
                0x00000028       0x20 src/ASF/common/utils/stdio/read.o
 .debug_aranges
                0x00000048       0x20 src/ASF/common/utils/stdio/write.o
 .debug_aranges
                0x00000068      0x178 src/ASF/sam/drivers/adc/adc.o
 .debug_aranges
                0x000001e0       0xe8 src/ASF/sam/drivers/uart/uart.o
 .debug_aranges
                0x000002c8      0x2a8 src/ASF/sam/drivers/usart/usart.o
 .debug_aranges
                0x00000570       0x60 src/ASF/thirdparty/wireless/addons/sio2host/uart/sio2host.o
 .debug_aranges
                0x000005d0       0x38 src/communication.o
 .debug_aranges
                0x00000608       0x30 src/consoleFunctions.o
 .debug_aranges
                0x00000638       0x28 src/ADCFunctions.o
 .debug_aranges
                0x00000660       0x20 src/PinInit.o
 .debug_aranges
                0x00000680       0x30 src/PWMFunctions.o
 .debug_aranges
                0x000006b0       0x28 src/task_komm.o
 .debug_aranges
                0x000006d8       0x30 src/task_PID.o
 .debug_aranges
                0x00000708       0x40 src/ASF/thirdparty/freertos/freertos-7.3.0/source/list.o
 .debug_aranges
                0x00000748       0x80 src/ASF/thirdparty/freertos/freertos-7.3.0/source/portable/gcc/sam/port.o
 .debug_aranges
                0x000007c8       0x40 src/ASF/thirdparty/freertos/freertos-7.3.0/source/portable/memmang/heap_4.o
 .debug_aranges
                0x00000808       0xd0 src/ASF/thirdparty/freertos/freertos-7.3.0/source/queue.o
 .debug_aranges
                0x000008d8      0x130 src/ASF/thirdparty/freertos/freertos-7.3.0/source/tasks.o
 .debug_aranges
                0x00000a08       0x60 src/ASF/thirdparty/freertos/freertos-7.3.0/source/timers.o
 .debug_aranges
                0x00000a68      0x158 src/ASF/sam/drivers/pwm/pwm.o
 .debug_aranges
                0x00000bc0       0x40 src/ASF/common/services/clock/sam3x/sysclk.o
 .debug_aranges
                0x00000c00       0x28 src/ASF/common/utils/interrupt/interrupt_sam_nvic.o
 .debug_aranges
                0x00000c28       0x20 src/ASF/sam/boards/arduino_due_x/init.o
 .debug_aranges
                0x00000c48      0x148 src/ASF/sam/drivers/pio/pio.o
 .debug_aranges
                0x00000d90       0x58 src/ASF/sam/drivers/pio/pio_handler.o
 .debug_aranges
                0x00000de8      0x200 src/ASF/sam/drivers/pmc/pmc.o
 .debug_aranges
                0x00000fe8       0x20 src/ASF/sam/utils/cmsis/sam3x/source/templates/exceptions.o
 .debug_aranges
                0x00001008       0x20 src/ASF/sam/utils/cmsis/sam3x/source/templates/gcc/startup_sam3x.o
 .debug_aranges
                0x00001028       0x30 src/ASF/sam/utils/cmsis/sam3x/source/templates/system_sam3x.o
 .debug_aranges
                0x00001058       0x60 src/ASF/sam/utils/syscalls/gcc/syscalls.o
 .debug_aranges
                0x000010b8       0x20 src/main.o

.debug_ranges   0x00000000      0xfc0
 .debug_ranges  0x00000000       0x30 src/ASF/common/services/serial/usart_serial.o
 .debug_ranges  0x00000030       0x10 src/ASF/common/utils/stdio/read.o
 .debug_ranges  0x00000040       0x10 src/ASF/common/utils/stdio/write.o
 .debug_ranges  0x00000050      0x168 src/ASF/sam/drivers/adc/adc.o
 .debug_ranges  0x000001b8       0xd8 src/ASF/sam/drivers/uart/uart.o
 .debug_ranges  0x00000290      0x298 src/ASF/sam/drivers/usart/usart.o
 .debug_ranges  0x00000528       0x50 src/ASF/thirdparty/wireless/addons/sio2host/uart/sio2host.o
 .debug_ranges  0x00000578       0x28 src/communication.o
 .debug_ranges  0x000005a0       0x20 src/consoleFunctions.o
 .debug_ranges  0x000005c0       0x18 src/ADCFunctions.o
 .debug_ranges  0x000005d8       0x10 src/PinInit.o
 .debug_ranges  0x000005e8       0x20 src/PWMFunctions.o
 .debug_ranges  0x00000608       0x18 src/task_komm.o
 .debug_ranges  0x00000620       0x38 src/task_PID.o
 .debug_ranges  0x00000658       0x30 src/ASF/thirdparty/freertos/freertos-7.3.0/source/list.o
 .debug_ranges  0x00000688       0x70 src/ASF/thirdparty/freertos/freertos-7.3.0/source/portable/gcc/sam/port.o
 .debug_ranges  0x000006f8       0x30 src/ASF/thirdparty/freertos/freertos-7.3.0/source/portable/memmang/heap_4.o
 .debug_ranges  0x00000728       0xd8 src/ASF/thirdparty/freertos/freertos-7.3.0/source/queue.o
 .debug_ranges  0x00000800      0x168 src/ASF/thirdparty/freertos/freertos-7.3.0/source/tasks.o
 .debug_ranges  0x00000968       0xa8 src/ASF/thirdparty/freertos/freertos-7.3.0/source/timers.o
 .debug_ranges  0x00000a10      0x148 src/ASF/sam/drivers/pwm/pwm.o
 .debug_ranges  0x00000b58       0x30 src/ASF/common/services/clock/sam3x/sysclk.o
 .debug_ranges  0x00000b88       0x18 src/ASF/common/utils/interrupt/interrupt_sam_nvic.o
 .debug_ranges  0x00000ba0       0x10 src/ASF/sam/boards/arduino_due_x/init.o
 .debug_ranges  0x00000bb0      0x138 src/ASF/sam/drivers/pio/pio.o